Archive member included to satisfy reference by file (symbol)

/usr/local/Cellar/arm-none-eabi-gcc/9-2019-q4-major/gcc/bin/../lib/gcc/arm-none-eabi/9.2.1/thumb/v6-m/nofp/libgcc.a(_dvmd_tls.o)
                              CMakeFiles/asteroids.dir/Users/ianjenkinson/pico/pico-sdk/src/rp2_common/pico_divider/divider.S.obj (__aeabi_idiv0)
/usr/local/Cellar/arm-none-eabi-gcc/9-2019-q4-major/gcc/bin/../lib/gcc/arm-none-eabi/9.2.1/../../../../arm-none-eabi/lib/thumb/v6-m/nofp/libc.a(lib_a-calloc.o)
                              CMakeFiles/asteroids.dir/Users/ianjenkinson/pico/pico-sdk/src/rp2_common/pico_malloc/pico_malloc.c.obj (calloc)
/usr/local/Cellar/arm-none-eabi-gcc/9-2019-q4-major/gcc/bin/../lib/gcc/arm-none-eabi/9.2.1/../../../../arm-none-eabi/lib/thumb/v6-m/nofp/libc.a(lib_a-callocr.o)
                              /usr/local/Cellar/arm-none-eabi-gcc/9-2019-q4-major/gcc/bin/../lib/gcc/arm-none-eabi/9.2.1/../../../../arm-none-eabi/lib/thumb/v6-m/nofp/libc.a(lib_a-calloc.o) (_calloc_r)
/usr/local/Cellar/arm-none-eabi-gcc/9-2019-q4-major/gcc/bin/../lib/gcc/arm-none-eabi/9.2.1/../../../../arm-none-eabi/lib/thumb/v6-m/nofp/libc.a(lib_a-impure.o)
                              /usr/local/Cellar/arm-none-eabi-gcc/9-2019-q4-major/gcc/bin/../lib/gcc/arm-none-eabi/9.2.1/../../../../arm-none-eabi/lib/thumb/v6-m/nofp/libc.a(lib_a-calloc.o) (_impure_ptr)
/usr/local/Cellar/arm-none-eabi-gcc/9-2019-q4-major/gcc/bin/../lib/gcc/arm-none-eabi/9.2.1/../../../../arm-none-eabi/lib/thumb/v6-m/nofp/libc.a(lib_a-init.o)
                              /usr/local/Cellar/arm-none-eabi-gcc/9-2019-q4-major/gcc/bin/../lib/gcc/arm-none-eabi/9.2.1/../../../../arm-none-eabi/lib/thumb/v6-m/nofp/crt0.o (__libc_init_array)
/usr/local/Cellar/arm-none-eabi-gcc/9-2019-q4-major/gcc/bin/../lib/gcc/arm-none-eabi/9.2.1/../../../../arm-none-eabi/lib/thumb/v6-m/nofp/libc.a(lib_a-malloc.o)
                              CMakeFiles/asteroids.dir/Users/ianjenkinson/pico/pico-sdk/src/rp2_common/pico_malloc/pico_malloc.c.obj (malloc)
/usr/local/Cellar/arm-none-eabi-gcc/9-2019-q4-major/gcc/bin/../lib/gcc/arm-none-eabi/9.2.1/../../../../arm-none-eabi/lib/thumb/v6-m/nofp/libc.a(lib_a-mallocr.o)
                              /usr/local/Cellar/arm-none-eabi-gcc/9-2019-q4-major/gcc/bin/../lib/gcc/arm-none-eabi/9.2.1/../../../../arm-none-eabi/lib/thumb/v6-m/nofp/libc.a(lib_a-callocr.o) (_malloc_r)
/usr/local/Cellar/arm-none-eabi-gcc/9-2019-q4-major/gcc/bin/../lib/gcc/arm-none-eabi/9.2.1/../../../../arm-none-eabi/lib/thumb/v6-m/nofp/libc.a(lib_a-mlock.o)
                              /usr/local/Cellar/arm-none-eabi-gcc/9-2019-q4-major/gcc/bin/../lib/gcc/arm-none-eabi/9.2.1/../../../../arm-none-eabi/lib/thumb/v6-m/nofp/libc.a(lib_a-mallocr.o) (__malloc_lock)
/usr/local/Cellar/arm-none-eabi-gcc/9-2019-q4-major/gcc/bin/../lib/gcc/arm-none-eabi/9.2.1/../../../../arm-none-eabi/lib/thumb/v6-m/nofp/libc.a(lib_a-rand.o)
                              CMakeFiles/asteroids.dir/asteroids.c.obj (rand)
/usr/local/Cellar/arm-none-eabi-gcc/9-2019-q4-major/gcc/bin/../lib/gcc/arm-none-eabi/9.2.1/../../../../arm-none-eabi/lib/thumb/v6-m/nofp/libc.a(lib_a-sbrkr.o)
                              /usr/local/Cellar/arm-none-eabi-gcc/9-2019-q4-major/gcc/bin/../lib/gcc/arm-none-eabi/9.2.1/../../../../arm-none-eabi/lib/thumb/v6-m/nofp/libc.a(lib_a-mallocr.o) (_sbrk_r)
/usr/local/Cellar/arm-none-eabi-gcc/9-2019-q4-major/gcc/bin/../lib/gcc/arm-none-eabi/9.2.1/../../../../arm-none-eabi/lib/thumb/v6-m/nofp/libc.a(lib_a-strlen-stub.o)
                              CMakeFiles/asteroids.dir/asteroids.c.obj (strlen)
/usr/local/Cellar/arm-none-eabi-gcc/9-2019-q4-major/gcc/bin/../lib/gcc/arm-none-eabi/9.2.1/../../../../arm-none-eabi/lib/thumb/v6-m/nofp/libc.a(lib_a-freer.o)
                              /usr/local/Cellar/arm-none-eabi-gcc/9-2019-q4-major/gcc/bin/../lib/gcc/arm-none-eabi/9.2.1/../../../../arm-none-eabi/lib/thumb/v6-m/nofp/libc.a(lib_a-malloc.o) (_free_r)
/usr/local/Cellar/arm-none-eabi-gcc/9-2019-q4-major/gcc/bin/../lib/gcc/arm-none-eabi/9.2.1/../../../../arm-none-eabi/lib/thumb/v6-m/nofp/libc.a(lib_a-lock.o)
                              /usr/local/Cellar/arm-none-eabi-gcc/9-2019-q4-major/gcc/bin/../lib/gcc/arm-none-eabi/9.2.1/../../../../arm-none-eabi/lib/thumb/v6-m/nofp/libc.a(lib_a-mlock.o) (__retarget_lock_acquire_recursive)
/usr/local/Cellar/arm-none-eabi-gcc/9-2019-q4-major/gcc/bin/../lib/gcc/arm-none-eabi/9.2.1/../../../../arm-none-eabi/lib/thumb/v6-m/nofp/libc.a(lib_a-reent.o)
                              /usr/local/Cellar/arm-none-eabi-gcc/9-2019-q4-major/gcc/bin/../lib/gcc/arm-none-eabi/9.2.1/../../../../arm-none-eabi/lib/thumb/v6-m/nofp/libc.a(lib_a-sbrkr.o) (errno)

Allocating common symbols
Common symbol       size              file

photonX             0x28              CMakeFiles/asteroids.dir/asteroids.c.obj
__lock___atexit_recursive_mutex
[...]
Memory Configuration

Name             Origin             Length             Attributes
FLASH            0x0000000010000000 0x0000000000200000 xr
RAM              0x0000000020000000 0x0000000000040000 xrw
SCRATCH_X        0x0000000020040000 0x0000000000001000 xrw
SCRATCH_Y        0x0000000020041000 0x0000000000001000 xrw
*default*        0x0000000000000000 0xffffffffffffffff

Linker script and memory map

LOAD /usr/local/Cellar/arm-none-eabi-gcc/9-2019-q4-major/gcc/bin/../lib/gcc/arm-none-eabi/9.2.1/thumb/v6-m/nofp/crti.o
LOAD /usr/local/Cellar/arm-none-eabi-gcc/9-2019-q4-major/gcc/bin/../lib/gcc/arm-none-eabi/9.2.1/thumb/v6-m/nofp/crtbegin.o
LOAD /usr/local/Cellar/arm-none-eabi-gcc/9-2019-q4-major/gcc/bin/../lib/gcc/arm-none-eabi/9.2.1/../../../../arm-none-eabi/lib/thumb/v6-m/nofp/crt0.o

.flash_begin    0x0000000010000000        0x0
                0x0000000010000000                __flash_binary_start = .

.boot2          0x0000000010000000      0x100
                0x0000000010000000                __boot2_start__ = .
 *(.boot2)
 .boot2         0x0000000010000000      0x100 /var/folders/8d/4247nbvj7rn1jhf3j6f47st40000gn/T//ccVC3XhO.o
                0x0000000010000100                __boot2_end__ = .
                0x0000000000000001                ASSERT (((__boot2_end__ - __boot2_start__) == 0x100), ERROR: Pico second stage bootloader must be 256 bytes in size)

.text           0x0000000010000100     0x75e0
                0x0000000010000100                __logical_binary_start = .
 *(.vectors)
 .vectors       0x0000000010000100       0xd4 CMakeFiles/asteroids.dir/Users/ianjenkinson/pico/pico-sdk/src/rp2_common/pico_standard_link/crt0.S.obj
                0x0000000010000100                __vectors
                0x00000000100001c0                isr_invalid
                0x00000000100001c2                isr_nmi
                0x00000000100001c4                isr_hardfault
                0x00000000100001c6                isr_svcall
                0x00000000100001c8                isr_pendsv
                0x00000000100001ca                isr_systick
                0x00000000100001cc                isr_irq23
                0x00000000100001cc                isr_irq18
                0x00000000100001cc                isr_irq28
                0x00000000100001cc                isr_irq19
                0x00000000100001cc                isr_irq0
                0x00000000100001cc                isr_irq6
                0x00000000100001cc                isr_irq22
                0x00000000100001cc                isr_irq17
                0x00000000100001cc                isr_irq14
                0x00000000100001cc                isr_irq2
                0x00000000100001cc                isr_irq10
                0x00000000100001cc                isr_irq8
                0x00000000100001cc                isr_irq24
                0x00000000100001cc                isr_irq1
                0x00000000100001cc                isr_irq7
                0x00000000100001cc                isr_irq21
                0x00000000100001cc                isr_irq20
                0x00000000100001cc                isr_irq15
                0x00000000100001cc                isr_irq25
                0x00000000100001cc                isr_irq4
                0x00000000100001cc                isr_irq16
                0x00000000100001cc                isr_irq29
                0x00000000100001cc                isr_irq26
                0x00000000100001cc                isr_irq3
                0x00000000100001cc                isr_irq9
                0x00000000100001cc                __unhandled_user_irq
                0x00000000100001cc                isr_irq13
                0x00000000100001cc                isr_irq27
                0x00000000100001cc                isr_irq31
                0x00000000100001cc                isr_irq5
                0x00000000100001cc                isr_irq11
                0x00000000100001cc                isr_irq30
                0x00000000100001cc                isr_irq12
                0x00000000100001d2                unhandled_user_irq_num_in_r0
 *(.binary_info_header)
 .binary_info_header
                0x00000000100001d4       0x14 CMakeFiles/asteroids.dir/Users/ianjenkinson/pico/pico-sdk/src/rp2_common/pico_standard_link/crt0.S.obj
                0x00000000100001e8                __binary_info_header_end = .
 *(.reset)
 .reset         0x00000000100001e8       0xa8 CMakeFiles/asteroids.dir/Users/ianjenkinson/pico/pico-sdk/src/rp2_common/pico_standard_link/crt0.S.obj
                0x00000000100001e8                _entry_point
                0x0000000010000266                __get_current_exception
 .reset         0x0000000010000290       0x30 CMakeFiles/asteroids.dir/Users/ianjenkinson/pico/pico-sdk/src/rp2_common/pico_standard_link/binary_info.c.obj
 *(.init)
 .init          0x00000000100002c0        0x4 /usr/local/Cellar/arm-none-eabi-gcc/9-2019-q4-major/gcc/bin/../lib/gcc/arm-none-eabi/9.2.1/thumb/v6-m/nofp/crti.o
                0x00000000100002c0                _init
 *(EXCLUDE_FILE(*libm.a: *libc.a:*lib_a-mem*.o *libgcc.a:) .text*)
 .text          0x00000000100002c4       0x48 /usr/local/Cellar/arm-none-eabi-gcc/9-2019-q4-major/gcc/bin/../lib/gcc/arm-none-eabi/9.2.1/thumb/v6-m/nofp/crtbegin.o
 .text.drawRoid.part.0
                0x000000001000030c      0x19c CMakeFiles/asteroids.dir/asteroids.c.obj
 .text.checkShipCollision.part.0
                0x00000000100004a8      0x200 CMakeFiles/asteroids.dir/asteroids.c.obj
 .text.drawMothership.part.0
                0x00000000100006a8       0xdc CMakeFiles/asteroids.dir/asteroids.c.obj
 .text.processInput
                0x0000000010000784      0x2ec CMakeFiles/asteroids.dir/asteroids.c.obj
                0x0000000010000784                processInput
 .text.drawShip
                0x0000000010000a70      0x43c CMakeFiles/asteroids.dir/asteroids.c.obj
                0x0000000010000a70                drawShip
 .text.splitRoid
                0x0000000010000eac      0x458 CMakeFiles/asteroids.dir/asteroids.c.obj
                0x0000000010000eac                splitRoid
 .text.respawnRoids
                0x0000000010001304      0x448 CMakeFiles/asteroids.dir/asteroids.c.obj
                0x0000000010001304                respawnRoids
 .text.movePhoton
                0x000000001000174c      0x6e0 CMakeFiles/asteroids.dir/asteroids.c.obj
                0x000000001000174c                movePhoton
 .text.mainLoop
                0x0000000010001e2c      0x5cc CMakeFiles/asteroids.dir/asteroids.c.obj
                0x0000000010001e2c                mainLoop
 .text.startup.main
                0x00000000100023f8      0x160 CMakeFiles/asteroids.dir/asteroids.c.obj
                0x00000000100023f8                main
 .text.display  0x0000000010002558       0xc0 CMakeFiles/asteroids.dir/display.c.obj
                0x0000000010002558                display
 .text.clearDisplay
                0x0000000010002618       0x80 CMakeFiles/asteroids.dir/display.c.obj
                0x0000000010002618                clearDisplay
 .text.drawPixel
                0x0000000010002698       0x3c CMakeFiles/asteroids.dir/display.c.obj
                0x0000000010002698                drawPixel
 .text.drawLine
                0x00000000100026d4      0x148 CMakeFiles/asteroids.dir/display.c.obj
                0x00000000100026d4                drawLine
 .text.initScreen
                0x000000001000281c      0x2c4 CMakeFiles/asteroids.dir/display.c.obj
                0x000000001000281c                initScreen
 .text.drawChar
                0x0000000010002ae0      0x1bc CMakeFiles/asteroids.dir/display.c.obj
                0x0000000010002ae0                drawChar
 .text.print    0x0000000010002c9c       0xd4 CMakeFiles/asteroids.dir/display.c.obj
                0x0000000010002c9c                print
 .text.setCursor
                0x0000000010002d70       0x14 CMakeFiles/asteroids.dir/display.c.obj
                0x0000000010002d70                setCursor
 .text.setTextSize
                0x0000000010002d84       0x14 CMakeFiles/asteroids.dir/display.c.obj
                0x0000000010002d84                setTextSize
 .text.setTextColor
                0x0000000010002d98       0x14 CMakeFiles/asteroids.dir/display.c.obj
                0x0000000010002d98                setTextColor
 .text.gpio_set_function
                0x0000000010002dac       0x30 CMakeFiles/asteroids.dir/Users/ianjenkinson/pico/pico-sdk/src/rp2_common/hardware_gpio/gpio.c.obj
                0x0000000010002dac                gpio_set_function
 .text.gpio_set_pulls
                0x0000000010002ddc       0x30 CMakeFiles/asteroids.dir/Users/ianjenkinson/pico/pico-sdk/src/rp2_common/hardware_gpio/gpio.c.obj
                0x0000000010002ddc                gpio_set_pulls
 .text.gpio_init
                0x0000000010002e0c       0x3c CMakeFiles/asteroids.dir/Users/ianjenkinson/pico/pico-sdk/src/rp2_common/hardware_gpio/gpio.c.obj
                0x0000000010002e0c                gpio_init
 .text.hw_claim_or_assert
                0x0000000010002e48       0x60 CMakeFiles/asteroids.dir/Users/ianjenkinson/pico/pico-sdk/src/rp2_common/hardware_claim/claim.c.obj
                0x0000000010002e48                hw_claim_or_assert
 .text.spin_locks_reset
                0x0000000010002ea8       0x1c CMakeFiles/asteroids.dir/Users/ianjenkinson/pico/pico-sdk/src/rp2_common/hardware_sync/sync.c.obj
                0x0000000010002ea8                spin_locks_reset
 .text.next_striped_spin_lock_num
                0x0000000010002ec4       0x18 CMakeFiles/asteroids.dir/Users/ianjenkinson/pico/pico-sdk/src/rp2_common/hardware_sync/sync.c.obj
                0x0000000010002ec4                next_striped_spin_lock_num
 .text.running_on_fpga
                0x0000000010002edc       0x10 CMakeFiles/asteroids.dir/Users/ianjenkinson/pico/pico-sdk/src/rp2_common/pico_platform/platform.c.obj
                0x0000000010002edc                running_on_fpga
 .text.timer_pool_entry_comparator
                0x0000000010002eec       0x34 CMakeFiles/asteroids.dir/Users/ianjenkinson/pico/pico-sdk/src/common/pico_time/time.c.obj
                0x0000000010002eec                timer_pool_entry_comparator
 .text.sev_callback
                0x0000000010002f20        0x8 CMakeFiles/asteroids.dir/Users/ianjenkinson/pico/pico-sdk/src/common/pico_time/time.c.obj
 .text.alarm_pool_add_alarm_at.constprop.0
                0x0000000010002f28      0x128 CMakeFiles/asteroids.dir/Users/ianjenkinson/pico/pico-sdk/src/common/pico_time/time.c.obj
 .text.add_alarm_under_lock
                0x0000000010003050      0x108 CMakeFiles/asteroids.dir/Users/ianjenkinson/pico/pico-sdk/src/common/pico_time/time.c.obj
 .text.alarm_pool_alarm_callback
                0x0000000010003158      0x1c8 CMakeFiles/asteroids.dir/Users/ianjenkinson/pico/pico-sdk/src/common/pico_time/time.c.obj
 .text.alarm_pool_init_default
                0x0000000010003320       0x58 CMakeFiles/asteroids.dir/Users/ianjenkinson/pico/pico-sdk/src/common/pico_time/time.c.obj
                0x0000000010003320                alarm_pool_init_default
 .text.sleep_ms
                0x0000000010003378       0xa0 CMakeFiles/asteroids.dir/Users/ianjenkinson/pico/pico-sdk/src/common/pico_time/time.c.obj
                0x0000000010003378                sleep_ms
 .text.hardware_alarm_irq_handler
                0x0000000010003418       0xb8 CMakeFiles/asteroids.dir/Users/ianjenkinson/pico/pico-sdk/src/rp2_common/hardware_timer/timer.c.obj
 .text.hardware_alarm_claim
                0x00000000100034d0       0x18 CMakeFiles/asteroids.dir/Users/ianjenkinson/pico/pico-sdk/src/rp2_common/hardware_timer/timer.c.obj
                0x00000000100034d0                hardware_alarm_claim
 .text.time_us_64
                0x00000000100034e8       0x14 CMakeFiles/asteroids.dir/Users/ianjenkinson/pico/pico-sdk/src/rp2_common/hardware_timer/timer.c.obj
                0x00000000100034e8                time_us_64
 .text.busy_wait_until
                0x00000000100034fc       0x20 CMakeFiles/asteroids.dir/Users/ianjenkinson/pico/pico-sdk/src/rp2_common/hardware_timer/timer.c.obj
                0x00000000100034fc                busy_wait_until
 .text.hardware_alarm_set_callback
                0x000000001000351c       0x8c CMakeFiles/asteroids.dir/Users/ianjenkinson/pico/pico-sdk/src/rp2_common/hardware_timer/timer.c.obj
                0x000000001000351c                hardware_alarm_set_callback
 .text.hardware_alarm_set_target
                0x00000000100035a8       0xe4 CMakeFiles/asteroids.dir/Users/ianjenkinson/pico/pico-sdk/src/rp2_common/hardware_timer/timer.c.obj
                0x00000000100035a8                hardware_alarm_set_target
 .text.hardware_alarm_cancel
                0x000000001000368c       0x40 CMakeFiles/asteroids.dir/Users/ianjenkinson/pico/pico-sdk/src/rp2_common/hardware_timer/timer.c.obj
                0x000000001000368c                hardware_alarm_cancel
 .text.lock_init
                0x00000000100036cc       0x10 CMakeFiles/asteroids.dir/Users/ianjenkinson/pico/pico-sdk/src/common/pico_sync/lock_core.c.obj
                0x00000000100036cc                lock_init
 .text.mutex_init
                0x00000000100036dc       0x1c CMakeFiles/asteroids.dir/Users/ianjenkinson/pico/pico-sdk/src/common/pico_sync/mutex.c.obj
                0x00000000100036dc                mutex_init
 .text.ph_merge_nodes
                0x00000000100036f8       0x68 CMakeFiles/asteroids.dir/Users/ianjenkinson/pico/pico-sdk/src/common/pico_util/pheap.c.obj
 .text.ph_post_alloc_init
                0x0000000010003760       0x3c CMakeFiles/asteroids.dir/Users/ianjenkinson/pico/pico-sdk/src/common/pico_util/pheap.c.obj
                0x0000000010003760                ph_post_alloc_init
 .text.ph_merge_two_pass
                0x000000001000379c       0x90 CMakeFiles/asteroids.dir/Users/ianjenkinson/pico/pico-sdk/src/common/pico_util/pheap.c.obj
                0x000000001000379c                ph_merge_two_pass
 .text.ph_remove_any_head
                0x000000001000382c       0xf8 CMakeFiles/asteroids.dir/Users/ianjenkinson/pico/pico-sdk/src/common/pico_util/pheap.c.obj
 .text.ph_remove_head
                0x0000000010003924      0x13c CMakeFiles/asteroids.dir/Users/ianjenkinson/pico/pico-sdk/src/common/pico_util/pheap.c.obj
                0x0000000010003924                ph_remove_head
 .text.ph_remove_and_free_node
                0x0000000010003a60       0x7c CMakeFiles/asteroids.dir/Users/ianjenkinson/pico/pico-sdk/src/common/pico_util/pheap.c.obj
                0x0000000010003a60                ph_remove_and_free_node
 .text.runtime_init
                0x0000000010003adc       0xec CMakeFiles/asteroids.dir/Users/ianjenkinson/pico/pico-sdk/src/rp2_common/pico_runtime/runtime.c.obj
                0x0000000010003adc                runtime_init
 .text.exit     0x0000000010003bc8        0x4 CMakeFiles/asteroids.dir/Users/ianjenkinson/pico/pico-sdk/src/rp2_common/pico_runtime/runtime.c.obj
                0x0000000010003bc8                exit
 .text.panic    0x0000000010003bcc       0x30 CMakeFiles/asteroids.dir/Users/ianjenkinson/pico/pico-sdk/src/rp2_common/pico_runtime/runtime.c.obj
                0x0000000010003bcc                panic
 .text.hard_assertion_failure
                0x0000000010003bfc        0xc CMakeFiles/asteroids.dir/Users/ianjenkinson/pico/pico-sdk/src/rp2_common/pico_runtime/runtime.c.obj
                0x0000000010003bfc                hard_assertion_failure
 .text.clocks_init
                0x0000000010003c08      0x2e0 CMakeFiles/asteroids.dir/Users/ianjenkinson/pico/pico-sdk/src/rp2_common/hardware_clocks/clocks.c.obj
                0x0000000010003c08                clocks_init
 .text.clock_get_hz
                0x0000000010003ee8        0xc CMakeFiles/asteroids.dir/Users/ianjenkinson/pico/pico-sdk/src/rp2_common/hardware_clocks/clocks.c.obj
                0x0000000010003ee8                clock_get_hz
 .text.watchdog_start_tick
                0x0000000010003ef4       0x10 CMakeFiles/asteroids.dir/Users/ianjenkinson/pico/pico-sdk/src/rp2_common/hardware_watchdog/watchdog.c.obj
                0x0000000010003ef4                watchdog_start_tick
 .text.xosc_init
                0x0000000010003f04       0x28 CMakeFiles/asteroids.dir/Users/ianjenkinson/pico/pico-sdk/src/rp2_common/hardware_xosc/xosc.c.obj
                0x0000000010003f04                xosc_init
 .text.pll_init
                0x0000000010003f2c       0x54 CMakeFiles/asteroids.dir/Users/ianjenkinson/pico/pico-sdk/src/rp2_common/hardware_pll/pll.c.obj
                0x0000000010003f2c                pll_init
 .text.irq_set_enabled
                0x0000000010003f80       0x24 CMakeFiles/asteroids.dir/Users/ianjenkinson/pico/pico-sdk/src/rp2_common/hardware_irq/irq.c.obj
                0x0000000010003f80                irq_set_enabled
 .text.irq_get_vtable_handler
                0x0000000010003fa4       0x10 CMakeFiles/asteroids.dir/Users/ianjenkinson/pico/pico-sdk/src/rp2_common/hardware_irq/irq.c.obj
                0x0000000010003fa4                irq_get_vtable_handler
 .text.irq_set_exclusive_handler
                0x0000000010003fb4       0x54 CMakeFiles/asteroids.dir/Users/ianjenkinson/pico/pico-sdk/src/rp2_common/hardware_irq/irq.c.obj
                0x0000000010003fb4                irq_set_exclusive_handler
 .text.irq_remove_handler
                0x0000000010004008      0x1b8 CMakeFiles/asteroids.dir/Users/ianjenkinson/pico/pico-sdk/src/rp2_common/hardware_irq/irq.c.obj
                0x0000000010004008                irq_remove_handler
 .text.irq_add_tail_to_free_list
                0x00000000100041c0       0xb8 CMakeFiles/asteroids.dir/Users/ianjenkinson/pico/pico-sdk/src/rp2_common/hardware_irq/irq.c.obj
                0x00000000100041c0                irq_add_tail_to_free_list
 .text.irq_init_priorities
                0x0000000010004278       0x38 CMakeFiles/asteroids.dir/Users/ianjenkinson/pico/pico-sdk/src/rp2_common/hardware_irq/irq.c.obj
                0x0000000010004278                irq_init_priorities
 .text._out_buffer
                0x00000000100042b0        0x8 CMakeFiles/asteroids.dir/Users/ianjenkinson/pico/pico-sdk/src/rp2_common/pico_printf/printf.c.obj
 .text._out_null
                0x00000000100042b8        0x4 CMakeFiles/asteroids.dir/Users/ianjenkinson/pico/pico-sdk/src/rp2_common/pico_printf/printf.c.obj
 .text._out_rev
                0x00000000100042bc       0xd0 CMakeFiles/asteroids.dir/Users/ianjenkinson/pico/pico-sdk/src/rp2_common/pico_printf/printf.c.obj
 .text._ntoa_format
                0x000000001000438c      0x1d0 CMakeFiles/asteroids.dir/Users/ianjenkinson/pico/pico-sdk/src/rp2_common/pico_printf/printf.c.obj
 .text._out_char
                0x000000001000455c       0x10 CMakeFiles/asteroids.dir/Users/ianjenkinson/pico/pico-sdk/src/rp2_common/pico_printf/printf.c.obj
 .text._out_fct
                0x000000001000456c       0x10 CMakeFiles/asteroids.dir/Users/ianjenkinson/pico/pico-sdk/src/rp2_common/pico_printf/printf.c.obj
 .text._etoa    0x000000001000457c      0x478 CMakeFiles/asteroids.dir/Users/ianjenkinson/pico/pico-sdk/src/rp2_common/pico_printf/printf.c.obj
 .text._ftoa    0x00000000100049f4      0x3e0 CMakeFiles/asteroids.dir/Users/ianjenkinson/pico/pico-sdk/src/rp2_common/pico_printf/printf.c.obj
 .text._vsnprintf
                0x0000000010004dd4      0xb08 CMakeFiles/asteroids.dir/Users/ianjenkinson/pico/pico-sdk/src/rp2_common/pico_printf/printf.c.obj
 .text.__wrap_sprintf
                0x00000000100058dc       0x28 CMakeFiles/asteroids.dir/Users/ianjenkinson/pico/pico-sdk/src/rp2_common/pico_printf/printf.c.obj
                0x00000000100058dc                __wrap_sprintf
 .text.vfctprintf
                0x0000000010005904       0x20 CMakeFiles/asteroids.dir/Users/ianjenkinson/pico/pico-sdk/src/rp2_common/pico_printf/printf.c.obj
                0x0000000010005904                vfctprintf
 .text.weak_raw_vprintf
                0x0000000010005924       0x30 CMakeFiles/asteroids.dir/Users/ianjenkinson/pico/pico-sdk/src/rp2_common/pico_printf/printf.c.obj
                0x0000000010005924                weak_raw_vprintf
 .text          0x0000000010005954       0x10 CMakeFiles/asteroids.dir/Users/ianjenkinson/pico/pico-sdk/src/rp2_common/pico_bit_ops/bit_ops_aeabi.S.obj
 .text.rom_func_lookup
                0x0000000010005964       0x10 CMakeFiles/asteroids.dir/Users/ianjenkinson/pico/pico-sdk/src/rp2_common/pico_bootrom/bootrom.c.obj
                0x0000000010005964                rom_func_lookup
 .text.rom_data_lookup
                0x0000000010005974       0x10 CMakeFiles/asteroids.dir/Users/ianjenkinson/pico/pico-sdk/src/rp2_common/pico_bootrom/bootrom.c.obj
                0x0000000010005974                rom_data_lookup
 .text.rom_funcs_lookup
                0x0000000010005984       0x3c CMakeFiles/asteroids.dir/Users/ianjenkinson/pico/pico-sdk/src/rp2_common/pico_bootrom/bootrom.c.obj
                0x0000000010005984                rom_funcs_lookup
 .text.__wrap___aeabi_idiv
                0x00000000100059c0       0x58 CMakeFiles/asteroids.dir/Users/ianjenkinson/pico/pico-sdk/src/rp2_common/pico_divider/divider.S.obj
                0x00000000100059c0                __wrap___aeabi_idivmod
                0x00000000100059c0                divmod_s32s32
                0x00000000100059c0                div_s32s32
                0x00000000100059c0                __wrap___aeabi_idiv
                0x00000000100059c8                divmod_s32s32_unsafe
                0x00000000100059f4                divmod_s32s32_savestate
 .text.__wrap___aeabi_uidiv
                0x0000000010005a18       0x54 CMakeFiles/asteroids.dir/Users/ianjenkinson/pico/pico-sdk/src/rp2_common/pico_divider/divider.S.obj
                0x0000000010005a18                __wrap___aeabi_uidiv
                0x0000000010005a18                __wrap___aeabi_uidivmod
                0x0000000010005a18                div_u32u32
                0x0000000010005a18                divmod_u32u32
                0x0000000010005a20                divmod_u32u32_unsafe
                0x0000000010005a48                divmod_u32u32_savestate
 .text.__wrap___aeabi_ldiv
                0x0000000010005a6c      0x430 CMakeFiles/asteroids.dir/Users/ianjenkinson/pico/pico-sdk/src/rp2_common/pico_divider/divider.S.obj
                0x0000000010005a6c                __wrap___aeabi_ldivmod
                0x0000000010005a6c                div_s64s64
                0x0000000010005a6c                divmod_s64s64
                0x0000000010005aa4                divmod_u64u64
                0x0000000010005aa4                div_u64u64
                0x0000000010005aa4                __wrap___aeabi_uldivmod
                0x0000000010005ab4                divmod_u64u64_savestate
                0x0000000010005adc                divmod_s64s64_unsafe
                0x0000000010005b64                divmod_u64u64_unsafe
 .text.push_r8_r11
                0x0000000010005e9c        0xc CMakeFiles/asteroids.dir/Users/ianjenkinson/pico/pico-sdk/src/rp2_common/pico_double/double_aeabi.S.obj
                0x0000000010005e9c                push_r8_r11
 .text.pop_r8_r11
                0x0000000010005ea8        0xc CMakeFiles/asteroids.dir/Users/ianjenkinson/pico/pico-sdk/src/rp2_common/pico_double/double_aeabi.S.obj
                0x0000000010005ea8                pop_r8_r11
 .text.__wrap___aeabi_darithmetic
                0x0000000010005eb4       0x54 CMakeFiles/asteroids.dir/Users/ianjenkinson/pico/pico-sdk/src/rp2_common/pico_double/double_aeabi.S.obj
                0x0000000010005eb4                __wrap___aeabi_drsub
                0x0000000010005eba                __wrap___aeabi_dsub
                0x0000000010005ecc                __wrap___aeabi_dadd
                0x0000000010005ede                __wrap___aeabi_ddiv
                0x0000000010005ef0                __wrap___aeabi_dmul
 .text.__wrap___aeabi_cdcmple
                0x0000000010005f08       0x6c CMakeFiles/asteroids.dir/Users/ianjenkinson/pico/pico-sdk/src/rp2_common/pico_double/double_aeabi.S.obj
                0x0000000010005f08                __wrap___aeabi_cdrcmple
                0x0000000010005f18                __wrap___aeabi_cdcmple
                0x0000000010005f18                __wrap___aeabi_cdcmpeq
 .text.__wrap___aeabi_dcmplt
                0x0000000010005f74        0xc CMakeFiles/asteroids.dir/Users/ianjenkinson/pico/pico-sdk/src/rp2_common/pico_double/double_aeabi.S.obj
                0x0000000010005f74                __wrap___aeabi_dcmplt
 .text.__wrap___aeabi_dcmple
                0x0000000010005f80       0x10 CMakeFiles/asteroids.dir/Users/ianjenkinson/pico/pico-sdk/src/rp2_common/pico_double/double_aeabi.S.obj
                0x0000000010005f80                __wrap___aeabi_dcmple
 .text.__wrap___aeabi_dcmpge
                0x0000000010005f90       0x10 CMakeFiles/asteroids.dir/Users/ianjenkinson/pico/pico-sdk/src/rp2_common/pico_double/double_aeabi.S.obj
                0x0000000010005f90                __wrap___aeabi_dcmpge
 .text.__wrap___aeabi_dcmpgt
                0x0000000010005fa0        0xa CMakeFiles/asteroids.dir/Users/ianjenkinson/pico/pico-sdk/src/rp2_common/pico_double/double_aeabi.S.obj
                0x0000000010005fa0                __wrap___aeabi_dcmpgt
 .text.__wrap___aeabi_dcmpun
                0x0000000010005faa       0x1c CMakeFiles/asteroids.dir/Users/ianjenkinson/pico/pico-sdk/src/rp2_common/pico_double/double_aeabi.S.obj
                0x0000000010005faa                __wrap___aeabi_dcmpun
 *fill*         0x0000000010005fc6        0x2 
 .text.__wrap___aeabi_i2d
                0x0000000010005fc8       0x38 CMakeFiles/asteroids.dir/Users/ianjenkinson/pico/pico-sdk/src/rp2_common/pico_double/double_aeabi.S.obj
                0x0000000010005fc8                __wrap___aeabi_ui2d
                0x0000000010005fd0                __wrap___aeabi_i2d
 .text.__wrap___aeabi_d2iz
                0x0000000010006000       0x48 CMakeFiles/asteroids.dir/Users/ianjenkinson/pico/pico-sdk/src/rp2_common/pico_double/double_aeabi.S.obj
                0x0000000010006000                __wrap___aeabi_d2iz
                0x0000000010006000                double2int_z
 .text.__wrap___aeabi_d2uiz
                0x0000000010006048       0x18 CMakeFiles/asteroids.dir/Users/ianjenkinson/pico/pico-sdk/src/rp2_common/pico_double/double_aeabi.S.obj
                0x0000000010006048                double2uint
                0x0000000010006048                __wrap___aeabi_d2uiz
 .text.fix642double
                0x0000000010006060       0x18 CMakeFiles/asteroids.dir/Users/ianjenkinson/pico/pico-sdk/src/rp2_common/pico_double/double_aeabi.S.obj
                0x0000000010006060                fix642double
 .text.__wrap___aeabi_d2f
                0x0000000010006078       0x18 CMakeFiles/asteroids.dir/Users/ianjenkinson/pico/pico-sdk/src/rp2_common/pico_double/double_aeabi.S.obj
                0x0000000010006078                __wrap___aeabi_d2f
 .text.__wrap_sincostan_remainder
                0x0000000010006090       0x14 CMakeFiles/asteroids.dir/Users/ianjenkinson/pico/pico-sdk/src/rp2_common/pico_double/double_aeabi.S.obj
                0x0000000010006090                sincostan_remainder
 .text.__wrap_cos
                0x00000000100060a4       0x2c CMakeFiles/asteroids.dir/Users/ianjenkinson/pico/pico-sdk/src/rp2_common/pico_double/double_aeabi.S.obj
                0x00000000100060a4                __wrap_cos
 .text.__wrap_sin
                0x00000000100060d0       0x2c CMakeFiles/asteroids.dir/Users/ianjenkinson/pico/pico-sdk/src/rp2_common/pico_double/double_aeabi.S.obj
                0x00000000100060d0                __wrap_sin
 .text.__aeabi_double_init
                0x00000000100060fc       0xac CMakeFiles/asteroids.dir/Users/ianjenkinson/pico/pico-sdk/src/rp2_common/pico_double/double_init_rom.c.obj
                0x00000000100060fc                __aeabi_double_init
 .text.__wrap_remquo
                0x00000000100061a8      0x28c CMakeFiles/asteroids.dir/Users/ianjenkinson/pico/pico-sdk/src/rp2_common/pico_double/double_math.c.obj
                0x00000000100061a8                __wrap_remquo
 .text.__wrap_remainder
                0x0000000010006434       0x10 CMakeFiles/asteroids.dir/Users/ianjenkinson/pico/pico-sdk/src/rp2_common/pico_double/double_math.c.obj
                0x0000000010006434                __wrap_remainder
 .text.double_table_shim_on_use_helper
                0x0000000010006444       0x2c CMakeFiles/asteroids.dir/Users/ianjenkinson/pico/pico-sdk/src/rp2_common/pico_double/double_v1_rom_shim.S.obj
                0x0000000010006444                double_table_shim_on_use_helper
 .text.__wrap___aeabi_dsub
                0x0000000010006470       0x10 CMakeFiles/asteroids.dir/Users/ianjenkinson/pico/pico-sdk/src/rp2_common/pico_double/double_v1_rom_shim.S.obj
                0x0000000010006470                drsub_shim
                0x0000000010006476                dsub_shim
 .text.dadd_shim
                0x0000000010006480      0x15c CMakeFiles/asteroids.dir/Users/ianjenkinson/pico/pico-sdk/src/rp2_common/pico_double/double_v1_rom_shim.S.obj
                0x0000000010006480                dadd_shim
 .text.dmul_shim
                0x00000000100065dc      0x15c CMakeFiles/asteroids.dir/Users/ianjenkinson/pico/pico-sdk/src/rp2_common/pico_double/double_v1_rom_shim.S.obj
                0x00000000100065dc                dmul_shim
 .text.ddiv_shim
                0x0000000010006738      0x1b0 CMakeFiles/asteroids.dir/Users/ianjenkinson/pico/pico-sdk/src/rp2_common/pico_double/double_v1_rom_shim.S.obj
                0x0000000010006738                ddiv_shim
 .text.dcordic_vec_step
                0x00000000100068e8        0xe CMakeFiles/asteroids.dir/Users/ianjenkinson/pico/pico-sdk/src/rp2_common/pico_double/double_v1_rom_shim.S.obj
                0x00000000100068e8                dcordic_vec_step
 .text.dcordic_rot_step
                0x00000000100068f6       0x7c CMakeFiles/asteroids.dir/Users/ianjenkinson/pico/pico-sdk/src/rp2_common/pico_double/double_v1_rom_shim.S.obj
                0x00000000100068f6                dcordic_rot_step
 .text.double2uint_shim
                0x0000000010006972        0xe CMakeFiles/asteroids.dir/Users/ianjenkinson/pico/pico-sdk/src/rp2_common/pico_double/double_v1_rom_shim.S.obj
                0x0000000010006972                double2uint_shim
                0x0000000010006974                double2ufix_shim
 .text.double2int64_shim
                0x0000000010006980       0x1a CMakeFiles/asteroids.dir/Users/ianjenkinson/pico/pico-sdk/src/rp2_common/pico_double/double_v1_rom_shim.S.obj
                0x0000000010006980                double2int64_shim
                0x0000000010006982                double2fix64_shim
 *fill*         0x000000001000699a        0x2 
 .text.double2uint64_shim
                0x000000001000699c       0x6c CMakeFiles/asteroids.dir/Users/ianjenkinson/pico/pico-sdk/src/rp2_common/pico_double/double_v1_rom_shim.S.obj
                0x000000001000699c                double2uint64_shim
                0x000000001000699e                double2ufix64_shim
                0x00000000100069b8                d2fix_a
 .text.double2float_shim
                0x0000000010006a08       0x5c CMakeFiles/asteroids.dir/Users/ianjenkinson/pico/pico-sdk/src/rp2_common/pico_double/double_v1_rom_shim.S.obj
                0x0000000010006a08                double2float_shim
 .text.x2double_shims
                0x0000000010006a64       0x90 CMakeFiles/asteroids.dir/Users/ianjenkinson/pico/pico-sdk/src/rp2_common/pico_double/double_v1_rom_shim.S.obj
                0x0000000010006a64                uint2double_shim
                0x0000000010006a66                ufix2double_shim
                0x0000000010006a6c                int2double_shim
                0x0000000010006a6e                fix2double_shim
                0x0000000010006a74                uint642double_shim
                0x0000000010006a76                ufix642double_shim
                0x0000000010006a7c                int642double_shim
                0x0000000010006a7e                fix642double_shim
 .text.dunpacks
                0x0000000010006af4       0x3c CMakeFiles/asteroids.dir/Users/ianjenkinson/pico/pico-sdk/src/rp2_common/pico_double/double_v1_rom_shim.S.obj
                0x0000000010006af4                dunpacks
 .text.dreduce  0x0000000010006b30       0x82 CMakeFiles/asteroids.dir/Users/ianjenkinson/pico/pico-sdk/src/rp2_common/pico_double/double_v1_rom_shim.S.obj
                0x0000000010006b30                dreduce
 .text.dcos_shim
                0x0000000010006bb2       0x10 CMakeFiles/asteroids.dir/Users/ianjenkinson/pico/pico-sdk/src/rp2_common/pico_double/double_v1_rom_shim.S.obj
                0x0000000010006bb2                dcos_shim
 .text.dsin_shim
                0x0000000010006bc2       0x14 CMakeFiles/asteroids.dir/Users/ianjenkinson/pico/pico-sdk/src/rp2_common/pico_double/double_v1_rom_shim.S.obj
                0x0000000010006bc2                dsin_shim
 *fill*         0x0000000010006bd6        0x2 
 .text.dtrig_guts
                0x0000000010006bd8      0x2ec CMakeFiles/asteroids.dir/Users/ianjenkinson/pico/pico-sdk/src/rp2_common/pico_double/double_v1_rom_shim.S.obj
                0x0000000010006cb0                datan2_shim
 .text.__aeabi_lmul
                0x0000000010006ec4       0x32 CMakeFiles/asteroids.dir/Users/ianjenkinson/pico/pico-sdk/src/rp2_common/pico_int64_ops/pico_int64_ops_aeabi.S.obj
                0x0000000010006ec4                __wrap___aeabi_lmul
 *fill*         0x0000000010006ef6        0x2 
 .text.__wrap___aeabi_farithmetic
                0x0000000010006ef8       0x24 CMakeFiles/asteroids.dir/Users/ianjenkinson/pico/pico-sdk/src/rp2_common/pico_float/float_aeabi.S.obj
                0x0000000010006ef8                __wrap___aeabi_frsub
                0x0000000010006efe                __wrap___aeabi_fsub
                0x0000000010006f04                __wrap___aeabi_fadd
                0x0000000010006f0a                __wrap___aeabi_fdiv
                0x0000000010006f10                __wrap___aeabi_fmul
 .text.__wrap___aeabi_cfcmple
                0x0000000010006f1c       0x50 CMakeFiles/asteroids.dir/Users/ianjenkinson/pico/pico-sdk/src/rp2_common/pico_float/float_aeabi.S.obj
                0x0000000010006f1c                __wrap___aeabi_cfrcmple
                0x0000000010006f28                __wrap___aeabi_cfcmpeq
                0x0000000010006f28                __wrap___aeabi_cfcmple
 .text.__wrap___aeabi_fcmpeq
                0x0000000010006f6c       0x10 CMakeFiles/asteroids.dir/Users/ianjenkinson/pico/pico-sdk/src/rp2_common/pico_float/float_aeabi.S.obj
                0x0000000010006f6c                __wrap___aeabi_fcmpeq
 .text.__wrap___aeabi_fcmplt
                0x0000000010006f7c        0xc CMakeFiles/asteroids.dir/Users/ianjenkinson/pico/pico-sdk/src/rp2_common/pico_float/float_aeabi.S.obj
                0x0000000010006f7c                __wrap___aeabi_fcmplt
 .text.__wrap___aeabi_fcmpgt
                0x0000000010006f88        0xa CMakeFiles/asteroids.dir/Users/ianjenkinson/pico/pico-sdk/src/rp2_common/pico_float/float_aeabi.S.obj
                0x0000000010006f88                __wrap___aeabi_fcmpgt
 *fill*         0x0000000010006f92        0x2 
 .text.__wrap___aeabi_i2f
                0x0000000010006f94       0x44 CMakeFiles/asteroids.dir/Users/ianjenkinson/pico/pico-sdk/src/rp2_common/pico_float/float_aeabi.S.obj
                0x0000000010006f94                __wrap___aeabi_i2f
 .text.__wrap___aeabi_f2iz
                0x0000000010006fd8       0x4e CMakeFiles/asteroids.dir/Users/ianjenkinson/pico/pico-sdk/src/rp2_common/pico_float/float_aeabi.S.obj
                0x0000000010006fd8                __wrap___aeabi_f2iz
                0x0000000010006fd8                float2int_z
 *fill*         0x0000000010007026        0x2 
 .text.float2int
                0x0000000010007028       0x14 CMakeFiles/asteroids.dir/Users/ianjenkinson/pico/pico-sdk/src/rp2_common/pico_float/float_aeabi.S.obj
                0x0000000010007028                float2int
 .text.__wrap___aeabi_f2uiz
                0x000000001000703c        0xc CMakeFiles/asteroids.dir/Users/ianjenkinson/pico/pico-sdk/src/rp2_common/pico_float/float_aeabi.S.obj
                0x000000001000703c                __wrap___aeabi_f2uiz
 .text.__wrap___aeabi_f2d
                0x0000000010007048       0x14 CMakeFiles/asteroids.dir/Users/ianjenkinson/pico/pico-sdk/src/rp2_common/pico_float/float_aeabi.S.obj
                0x0000000010007048                __wrap___aeabi_f2d
 .text.__aeabi_float_init
                0x000000001000705c       0x64 CMakeFiles/asteroids.dir/Users/ianjenkinson/pico/pico-sdk/src/rp2_common/pico_float/float_init_rom.c.obj
                0x000000001000705c                __aeabi_float_init
 .text.float_table_shim_on_use_helper
                0x00000000100070c0       0x2c CMakeFiles/asteroids.dir/Users/ianjenkinson/pico/pico-sdk/src/rp2_common/pico_float/float_v1_rom_shim.S.obj
                0x00000000100070c0                float_table_shim_on_use_helper
 .text.float232_shims
                0x00000000100070ec       0x18 CMakeFiles/asteroids.dir/Users/ianjenkinson/pico/pico-sdk/src/rp2_common/pico_float/float_v1_rom_shim.S.obj
                0x00000000100070ec                float2int_shim
                0x00000000100070ee                float2fix_shim
 .text.float2double_shim
                0x0000000010007104       0x30 CMakeFiles/asteroids.dir/Users/ianjenkinson/pico/pico-sdk/src/rp2_common/pico_float/float_v1_rom_shim.S.obj
                0x0000000010007104                float2double_shim
 .text          0x0000000010007134       0x10 CMakeFiles/asteroids.dir/Users/ianjenkinson/pico/pico-sdk/src/rp2_common/pico_mem_ops/mem_ops_aeabi.S.obj
                0x0000000010007134                __aeabi_mem_init
 .text.memset   0x0000000010007144        0xc CMakeFiles/asteroids.dir/Users/ianjenkinson/pico/pico-sdk/src/rp2_common/pico_mem_ops/mem_ops_aeabi.S.obj
                0x0000000010007144                __wrap_memset
 .text.memcpy   0x0000000010007150        0xc CMakeFiles/asteroids.dir/Users/ianjenkinson/pico/pico-sdk/src/rp2_common/pico_mem_ops/mem_ops_aeabi.S.obj
                0x0000000010007150                __wrap___aeabi_memcpy
                0x0000000010007150                __wrap_memcpy
 .text.stdio_out_chars_crlf.part.0
                0x000000001000715c       0x84 CMakeFiles/asteroids.dir/Users/ianjenkinson/pico/pico-sdk/src/rp2_common/pico_stdio/stdio.c.obj
 .text.stdio_buffered_printer
                0x00000000100071e0       0x78 CMakeFiles/asteroids.dir/Users/ianjenkinson/pico/pico-sdk/src/rp2_common/pico_stdio/stdio.c.obj
 .text.stdio_put_string
                0x0000000010007258      0x100 CMakeFiles/asteroids.dir/Users/ianjenkinson/pico/pico-sdk/src/rp2_common/pico_stdio/stdio.c.obj
 .text.__wrap_putchar
                0x0000000010007358       0x1c CMakeFiles/asteroids.dir/Users/ianjenkinson/pico/pico-sdk/src/rp2_common/pico_stdio/stdio.c.obj
                0x0000000010007358                __wrap_putchar
 .text.__wrap_puts
                0x0000000010007374       0x3c CMakeFiles/asteroids.dir/Users/ianjenkinson/pico/pico-sdk/src/rp2_common/pico_stdio/stdio.c.obj
                0x0000000010007374                __wrap_puts
 .text.__wrap_vprintf
                0x00000000100073b0       0xe8 CMakeFiles/asteroids.dir/Users/ianjenkinson/pico/pico-sdk/src/rp2_common/pico_stdio/stdio.c.obj
                0x00000000100073b0                __wrap_vprintf
 .text.__wrap_printf
                0x0000000010007498       0x18 CMakeFiles/asteroids.dir/Users/ianjenkinson/pico/pico-sdk/src/rp2_common/pico_stdio/stdio.c.obj
                0x0000000010007498                __wrap_printf
 .text.i2c_init
                0x00000000100074b0       0xa8 CMakeFiles/asteroids.dir/Users/ianjenkinson/pico/pico-sdk/src/rp2_common/hardware_i2c/i2c.c.obj
                0x00000000100074b0                i2c_init
 .text.i2c_write_blocking
                0x0000000010007558       0xa0 CMakeFiles/asteroids.dir/Users/ianjenkinson/pico/pico-sdk/src/rp2_common/hardware_i2c/i2c.c.obj
                0x0000000010007558                i2c_write_blocking
 .text.rand     0x00000000100075f8       0x34 /usr/local/Cellar/arm-none-eabi-gcc/9-2019-q4-major/gcc/bin/../lib/gcc/arm-none-eabi/9.2.1/../../../../arm-none-eabi/lib/thumb/v6-m/nofp/libc.a(lib_a-rand.o)
                0x00000000100075f8                rand
 .text.strlen   0x000000001000762c       0x5c /usr/local/Cellar/arm-none-eabi-gcc/9-2019-q4-major/gcc/bin/../lib/gcc/arm-none-eabi/9.2.1/../../../../arm-none-eabi/lib/thumb/v6-m/nofp/libc.a(lib_a-strlen-stub.o)
                0x000000001000762c                strlen
 *(.fini)
 .fini          0x0000000010007688        0x4 /usr/local/Cellar/arm-none-eabi-gcc/9-2019-q4-major/gcc/bin/../lib/gcc/arm-none-eabi/9.2.1/thumb/v6-m/nofp/crti.o
                0x0000000010007688                _fini
 *fill*         0x000000001000768c        0x4 
 .fini.__stub   0x0000000010007690       0x50 linker stubs
 *crtbegin.o(.ctors)
 *crtbegin?.o(.ctors)
 *(EXCLUDE_FILE(*crtend.o *crtend?.o) .ctors)
 *(SORT_BY_NAME(.ctors.*))
 *(.ctors)
 *crtbegin.o(.dtors)
 *crtbegin?.o(.dtors)
 *(EXCLUDE_FILE(*crtend.o *crtend?.o) .dtors)
 *(SORT_BY_NAME(.dtors.*))
 *(.dtors)
 *(.eh_frame*)
 .eh_frame      0x00000000100076e0        0x0 /usr/local/Cellar/arm-none-eabi-gcc/9-2019-q4-major/gcc/bin/../lib/gcc/arm-none-eabi/9.2.1/thumb/v6-m/nofp/crtbegin.o
                0x00000000100076e0                . = ALIGN (0x4)

.glue_7         0x00000000100076e0        0x0
 .glue_7        0x00000000100076e0        0x0 linker stubs

.glue_7t        0x00000000100076e0        0x0
 .glue_7t       0x00000000100076e0        0x0 linker stubs

.vfp11_veneer   0x00000000100076e0        0x0
 .vfp11_veneer  0x00000000100076e0        0x0 linker stubs

.v4_bx          0x00000000100076e0        0x0
 .v4_bx         0x00000000100076e0        0x0 linker stubs

.iplt           0x00000000100076e0        0x0
 .iplt          0x00000000100076e0        0x0 /usr/local/Cellar/arm-none-eabi-gcc/9-2019-q4-major/gcc/bin/../lib/gcc/arm-none-eabi/9.2.1/thumb/v6-m/nofp/crtbegin.o

.rodata         0x00000000100076e0      0x8e8
 *(EXCLUDE_FILE(*libm.a: *libc.a:*lib_a-mem*.o *libgcc.a:) .rodata*)
 .rodata.movePhoton.str1.4
                0x00000000100076e0       0x35 CMakeFiles/asteroids.dir/asteroids.c.obj
 *fill*         0x0000000010007715        0x3 
 .rodata.mainLoop.str1.4
                0x0000000010007718       0x1a CMakeFiles/asteroids.dir/asteroids.c.obj
 *fill*         0x0000000010007732        0x2 
 .rodata.main.str1.4
                0x0000000010007734       0x49 CMakeFiles/asteroids.dir/asteroids.c.obj
 *fill*         0x000000001000777d        0x3 
 .rodata.__bi_724.7558
                0x0000000010007780        0x8 CMakeFiles/asteroids.dir/asteroids.c.obj
 .rodata.font   0x0000000010007788      0x4fb CMakeFiles/asteroids.dir/display.c.obj
                0x0000000010007788                font
 *fill*         0x0000000010007c83        0x1 
 .rodata.hardware_alarm_claim.str1.4
                0x0000000010007c84       0x22 CMakeFiles/asteroids.dir/Users/ianjenkinson/pico/pico-sdk/src/rp2_common/hardware_timer/timer.c.obj
 *fill*         0x0000000010007ca6        0x2 
 .rodata.panic.str1.4
                0x0000000010007ca8       0x12 CMakeFiles/asteroids.dir/Users/ianjenkinson/pico/pico-sdk/src/rp2_common/pico_runtime/runtime.c.obj
 *fill*         0x0000000010007cba        0x2 
 .rodata.hard_assertion_failure.str1.4
                0x0000000010007cbc        0xc CMakeFiles/asteroids.dir/Users/ianjenkinson/pico/pico-sdk/src/rp2_common/pico_runtime/runtime.c.obj
 .rodata._ftoa.str1.4
                0x0000000010007cc8       0x15 CMakeFiles/asteroids.dir/Users/ianjenkinson/pico/pico-sdk/src/rp2_common/pico_printf/printf.c.obj
 *fill*         0x0000000010007cdd        0x3 
 .rodata._vsnprintf
                0x0000000010007ce0      0x1e0 CMakeFiles/asteroids.dir/Users/ianjenkinson/pico/pico-sdk/src/rp2_common/pico_printf/printf.c.obj
 .rodata.pow10.5444
                0x0000000010007ec0       0x50 CMakeFiles/asteroids.dir/Users/ianjenkinson/pico/pico-sdk/src/rp2_common/pico_printf/printf.c.obj
 .rodata.str1.4
                0x0000000010007f10       0x84 CMakeFiles/asteroids.dir/Users/ianjenkinson/pico/pico-sdk/src/rp2_common/pico_standard_link/binary_info.c.obj
 .rodata.__bi_44
                0x0000000010007f94        0xc CMakeFiles/asteroids.dir/Users/ianjenkinson/pico/pico-sdk/src/rp2_common/pico_standard_link/binary_info.c.obj
 .rodata.__bi_69
                0x0000000010007fa0        0xc CMakeFiles/asteroids.dir/Users/ianjenkinson/pico/pico-sdk/src/rp2_common/pico_standard_link/binary_info.c.obj
 .rodata.__bi_75
                0x0000000010007fac        0xc CMakeFiles/asteroids.dir/Users/ianjenkinson/pico/pico-sdk/src/rp2_common/pico_standard_link/binary_info.c.obj
 .rodata.__bi_81
                0x0000000010007fb8        0xc CMakeFiles/asteroids.dir/Users/ianjenkinson/pico/pico-sdk/src/rp2_common/pico_standard_link/binary_info.c.obj
 .rodata.crlf_str.6005
                0x0000000010007fc4        0x2 CMakeFiles/asteroids.dir/Users/ianjenkinson/pico/pico-sdk/src/rp2_common/pico_stdio/stdio.c.obj
                0x0000000010007fc8                . = ALIGN (0x4)
 *fill*         0x0000000010007fc6        0x2 
 *(SORT_BY_ALIGNMENT(SORT_BY_NAME(.flashdata*)))
                0x0000000010007fc8                . = ALIGN (0x4)

.rel.dyn        0x0000000010007fc8        0x0
 .rel.iplt      0x0000000010007fc8        0x0 /usr/local/Cellar/arm-none-eabi-gcc/9-2019-q4-major/gcc/bin/../lib/gcc/arm-none-eabi/9.2.1/thumb/v6-m/nofp/crtbegin.o

.ARM.extab
 *(.ARM.extab* .gnu.linkonce.armextab.*)
                0x0000000010007fc8                __exidx_start = .

.ARM.exidx
 *(.ARM.exidx* .gnu.linkonce.armexidx.*)
                0x0000000010007fc8                __exidx_end = .
                0x0000000010007fc8                . = ALIGN (0x4)
                0x0000000010007fc8                __binary_info_start = .

.binary_info    0x0000000010007fc8       0x24
 *(.binary_info.keep.*)
 .binary_info.keep.__bi_ptr724
                0x0000000010007fc8        0x4 CMakeFiles/asteroids.dir/asteroids.c.obj
 .binary_info.keep.__bi_ptr22
                0x0000000010007fcc        0x4 CMakeFiles/asteroids.dir/Users/ianjenkinson/pico/pico-sdk/src/rp2_common/pico_standard_link/binary_info.c.obj
 .binary_info.keep.__bi_ptr30
                0x0000000010007fd0        0x4 CMakeFiles/asteroids.dir/Users/ianjenkinson/pico/pico-sdk/src/rp2_common/pico_standard_link/binary_info.c.obj
 .binary_info.keep.__bi_ptr38
                0x0000000010007fd4        0x4 CMakeFiles/asteroids.dir/Users/ianjenkinson/pico/pico-sdk/src/rp2_common/pico_standard_link/binary_info.c.obj
 .binary_info.keep.__bi_ptr44
                0x0000000010007fd8        0x4 CMakeFiles/asteroids.dir/Users/ianjenkinson/pico/pico-sdk/src/rp2_common/pico_standard_link/binary_info.c.obj
 .binary_info.keep.__bi_ptr50
                0x0000000010007fdc        0x4 CMakeFiles/asteroids.dir/Users/ianjenkinson/pico/pico-sdk/src/rp2_common/pico_standard_link/binary_info.c.obj
 .binary_info.keep.__bi_ptr69
                0x0000000010007fe0        0x4 CMakeFiles/asteroids.dir/Users/ianjenkinson/pico/pico-sdk/src/rp2_common/pico_standard_link/binary_info.c.obj
 .binary_info.keep.__bi_ptr75
                0x0000000010007fe4        0x4 CMakeFiles/asteroids.dir/Users/ianjenkinson/pico/pico-sdk/src/rp2_common/pico_standard_link/binary_info.c.obj
 .binary_info.keep.__bi_ptr81
                0x0000000010007fe8        0x4 CMakeFiles/asteroids.dir/Users/ianjenkinson/pico/pico-sdk/src/rp2_common/pico_standard_link/binary_info.c.obj
 *(.binary_info.*)
                0x0000000010007fec                __binary_info_end = .
                0x0000000010007fec                . = ALIGN (0x4)
                0x0000000010007fec                __etext = .

.ram_vector_table
                0x0000000020000000       0xc0
 *(.ram_vector_table)
 .ram_vector_table
                0x0000000020000000       0xc0 CMakeFiles/asteroids.dir/Users/ianjenkinson/pico/pico-sdk/src/rp2_common/pico_runtime/runtime.c.obj
                0x0000000020000000                ram_vector_table

.data           0x00000000200000c0      0x614 load address 0x0000000010007fec
                0x00000000200000c0                __data_start__ = .
 *(vtable)
 *(.time_critical*)
 .time_critical.mutex_enter_blocking
                0x00000000200000c0       0x4c CMakeFiles/asteroids.dir/Users/ianjenkinson/pico/pico-sdk/src/common/pico_sync/mutex.c.obj
                0x00000000200000c0                mutex_enter_blocking
 .time_critical.mutex_try_enter
                0x000000002000010c       0x48 CMakeFiles/asteroids.dir/Users/ianjenkinson/pico/pico-sdk/src/common/pico_sync/mutex.c.obj
                0x000000002000010c                mutex_try_enter
 .time_critical.mutex_exit
                0x0000000020000154       0x28 CMakeFiles/asteroids.dir/Users/ianjenkinson/pico/pico-sdk/src/common/pico_sync/mutex.c.obj
                0x0000000020000154                mutex_exit
 *(.text*)
 .text          0x000000002000017c        0x4 /usr/local/Cellar/arm-none-eabi-gcc/9-2019-q4-major/gcc/bin/../lib/gcc/arm-none-eabi/9.2.1/thumb/v6-m/nofp/libgcc.a(_dvmd_tls.o)
                0x000000002000017c                __aeabi_ldiv0
                0x000000002000017c                __aeabi_idiv0
                0x0000000020000180                . = ALIGN (0x4)
 *(.rodata*)
                0x0000000020000180                . = ALIGN (0x4)
 *(.data*)
 .data.SLOWNESS
                0x0000000020000180        0x8 CMakeFiles/asteroids.dir/asteroids.c.obj
                0x0000000020000180                SLOWNESS
 .data.anglemult
                0x0000000020000188        0x8 CMakeFiles/asteroids.dir/asteroids.c.obj
                0x0000000020000188                anglemult
 .data.buttons  0x0000000020000190       0x10 CMakeFiles/asteroids.dir/asteroids.c.obj
                0x0000000020000190                buttons
 .data.l        0x00000000200001a0        0x8 CMakeFiles/asteroids.dir/asteroids.c.obj
                0x00000000200001a0                l
 .data.l2       0x00000000200001a8        0x8 CMakeFiles/asteroids.dir/asteroids.c.obj
                0x00000000200001a8                l2
 .data.l3       0x00000000200001b0        0x8 CMakeFiles/asteroids.dir/asteroids.c.obj
                0x00000000200001b0                l3
 .data.level    0x00000000200001b8        0x4 CMakeFiles/asteroids.dir/asteroids.c.obj
                0x00000000200001b8                level
 .data.lives    0x00000000200001bc        0x4 CMakeFiles/asteroids.dir/asteroids.c.obj
                0x00000000200001bc                lives
 .data.mX       0x00000000200001c0        0x4 CMakeFiles/asteroids.dir/asteroids.c.obj
                0x00000000200001c0                mX
 .data.mY       0x00000000200001c4        0x4 CMakeFiles/asteroids.dir/asteroids.c.obj
                0x00000000200001c4                mY
 .data.photonSpeed
                0x00000000200001c8        0x8 CMakeFiles/asteroids.dir/asteroids.c.obj
                0x00000000200001c8                photonSpeed
 .data.piby2    0x00000000200001d0        0x8 CMakeFiles/asteroids.dir/asteroids.c.obj
                0x00000000200001d0                piby2
 .data.r        0x00000000200001d8        0x8 CMakeFiles/asteroids.dir/asteroids.c.obj
                0x00000000200001d8                r
 .data.striped_spin_lock_num
                0x00000000200001e0        0x1 CMakeFiles/asteroids.dir/Users/ianjenkinson/pico/pico-sdk/src/rp2_common/hardware_sync/sync.c.obj
 *fill*         0x00000000200001e1        0x3 
 .data.default_alarm_pool
                0x00000000200001e4       0x18 CMakeFiles/asteroids.dir/Users/ianjenkinson/pico/pico-sdk/src/common/pico_time/time.c.obj
 .data.default_alarm_pool_heap
                0x00000000200001fc       0x10 CMakeFiles/asteroids.dir/Users/ianjenkinson/pico/pico-sdk/src/common/pico_time/time.c.obj
 .data          0x000000002000020c       0x48 CMakeFiles/asteroids.dir/Users/ianjenkinson/pico/pico-sdk/src/rp2_common/hardware_irq/irq_handler_chain.S.obj
                0x000000002000020c                irq_handler_chain_slots
                0x000000002000023c                irq_handler_chain_first_slot
                0x0000000020000246                irq_handler_chain_remove_tail
 *fill*         0x0000000020000254        0xc 
 .data.aeabi_bits_funcs
                0x0000000020000260       0x10 CMakeFiles/asteroids.dir/Users/ianjenkinson/pico/pico-sdk/src/rp2_common/pico_bit_ops/bit_ops_aeabi.S.obj
                0x0000000020000260                aeabi_bits_funcs
                0x0000000020000270                aeabi_bits_funcs_end
 .data.aeabi_mem_funcs
                0x0000000020000270       0x10 CMakeFiles/asteroids.dir/Users/ianjenkinson/pico/pico-sdk/src/rp2_common/pico_mem_ops/mem_ops_aeabi.S.obj
                0x0000000020000270                aeabi_mem_funcs
                0x0000000020000280                aeabi_mem_funcs_end
 .data.i2c0_inst
                0x0000000020000280        0x8 CMakeFiles/asteroids.dir/Users/ianjenkinson/pico/pico-sdk/src/rp2_common/hardware_i2c/i2c.c.obj
                0x0000000020000280                i2c0_inst
 .data._impure_ptr
                0x0000000020000288        0x4 /usr/local/Cellar/arm-none-eabi-gcc/9-2019-q4-major/gcc/bin/../lib/gcc/arm-none-eabi/9.2.1/../../../../arm-none-eabi/lib/thumb/v6-m/nofp/libc.a(lib_a-impure.o)
                0x0000000020000288                _impure_ptr
 *fill*         0x000000002000028c        0x4 
 .data.impure_data
                0x0000000020000290      0x428 /usr/local/Cellar/arm-none-eabi-gcc/9-2019-q4-major/gcc/bin/../lib/gcc/arm-none-eabi/9.2.1/../../../../arm-none-eabi/lib/thumb/v6-m/nofp/libc.a(lib_a-impure.o)
                0x00000000200006b8                . = ALIGN (0x4)
 *(.after_data.*)
                0x00000000200006b8                . = ALIGN (0x4)
                0x00000000200006b8                PROVIDE (__mutex_array_start = .)
 *(SORT_BY_NAME(.mutex_array.*))
 *(.mutex_array)
 .mutex_array   0x00000000200006b8        0x8 CMakeFiles/asteroids.dir/Users/ianjenkinson/pico/pico-sdk/src/rp2_common/pico_stdio/stdio.c.obj
                0x00000000200006c0                PROVIDE (__mutex_array_end = .)
                0x00000000200006c0                . = ALIGN (0x4)
                0x00000000200006c0                PROVIDE (__preinit_array_start = .)
 *(SORT_BY_NAME(.preinit_array.*))
 .preinit_array.00001
                0x00000000200006c0        0x4 CMakeFiles/asteroids.dir/Users/ianjenkinson/pico/pico-sdk/src/rp2_common/pico_mem_ops/mem_ops_aeabi.S.obj
 .preinit_array.00010
                0x00000000200006c4        0x4 CMakeFiles/asteroids.dir/Users/ianjenkinson/pico/pico-sdk/src/rp2_common/pico_bit_ops/bit_ops_aeabi.S.obj
 .preinit_array.00020
                0x00000000200006c8        0x4 CMakeFiles/asteroids.dir/Users/ianjenkinson/pico/pico-sdk/src/rp2_common/pico_double/double_aeabi.S.obj
 .preinit_array.00020
                0x00000000200006cc        0x4 CMakeFiles/asteroids.dir/Users/ianjenkinson/pico/pico-sdk/src/rp2_common/pico_float/float_aeabi.S.obj
 *(.preinit_array)
                0x00000000200006d0                PROVIDE (__preinit_array_end = .)
                0x00000000200006d0                . = ALIGN (0x4)
                0x00000000200006d0                PROVIDE (__init_array_start = .)
 *(SORT_BY_NAME(.init_array.*))
 *(.init_array)
 .init_array    0x00000000200006d0        0x4 /usr/local/Cellar/arm-none-eabi-gcc/9-2019-q4-major/gcc/bin/../lib/gcc/arm-none-eabi/9.2.1/thumb/v6-m/nofp/crtbegin.o
                0x00000000200006d4                PROVIDE (__init_array_end = .)
                0x00000000200006d4                . = ALIGN (0x4)
                [!provide]                        PROVIDE (__fini_array_start = .)
 *(SORT_BY_NAME(.fini_array.*))
 *(.fini_array)
                [!provide]                        PROVIDE (__fini_array_end = .)
 *(.jcr)
                0x00000000200006d4                . = ALIGN (0x4)
                0x00000000200006d4                __data_end__ = .

.igot.plt       0x00000000200006d4        0x0 load address 0x0000000010008600
 .igot.plt      0x00000000200006d4        0x0 /usr/local/Cellar/arm-none-eabi-gcc/9-2019-q4-major/gcc/bin/../lib/gcc/arm-none-eabi/9.2.1/thumb/v6-m/nofp/crtbegin.o

.uninitialized_data
                0x00000000200006d4        0x0 load address 0x0000000010008600
                0x00000000200006d4                . = ALIGN (0x4)
 *(.uninitialized_data*)

.scratch_x      0x0000000020040000        0x0 load address 0x0000000010008600
                0x0000000020040000                __scratch_x_start__ = .
 *(.scratch_x.*)
                0x0000000020040000                . = ALIGN (0x4)
                0x0000000020040000                __scratch_x_end__ = .
                0x0000000010008600                __scratch_x_source__ = LOADADDR (.scratch_x)

.scratch_y      0x0000000020041000        0x0 load address 0x0000000010008600
                0x0000000020041000                __scratch_y_start__ = .
 *(.scratch_y.*)
                0x0000000020041000                . = ALIGN (0x4)
                0x0000000020041000                __scratch_y_end__ = .
                0x0000000010008600                __scratch_y_source__ = LOADADDR (.scratch_y)

.bss            0x00000000200006d8     0x3440
                0x00000000200006d8                . = ALIGN (0x4)
                0x00000000200006d8                __bss_start__ = .
 *(SORT_BY_ALIGNMENT(SORT_BY_NAME(.bss*)))
 .bss.default_alarm_pool_entries
                0x00000000200006d8      0x100 CMakeFiles/asteroids.dir/Users/ianjenkinson/pico/pico-sdk/src/common/pico_time/time.c.obj
 .bss           0x00000000200007d8       0x1c /usr/local/Cellar/arm-none-eabi-gcc/9-2019-q4-major/gcc/bin/../lib/gcc/arm-none-eabi/9.2.1/thumb/v6-m/nofp/crtbegin.o
 .bss.alarm_callbacks
                0x00000000200007f4       0x10 CMakeFiles/asteroids.dir/Users/ianjenkinson/pico/pico-sdk/src/rp2_common/hardware_timer/timer.c.obj
 .bss.apLife    0x0000000020000804        0x4 CMakeFiles/asteroids.dir/asteroids.c.obj
                0x0000000020000804                apLife
 .bss.apdx      0x0000000020000808        0x4 CMakeFiles/asteroids.dir/asteroids.c.obj
                0x0000000020000808                apdx
 .bss.apdy      0x000000002000080c        0x4 CMakeFiles/asteroids.dir/asteroids.c.obj
                0x000000002000080c                apdy
 .bss.apx       0x0000000020000810        0x4 CMakeFiles/asteroids.dir/asteroids.c.obj
                0x0000000020000810                apx
 .bss.apy       0x0000000020000814        0x4 CMakeFiles/asteroids.dir/asteroids.c.obj
                0x0000000020000814                apy
 .bss.configured_freq
                0x0000000020000818       0x28 CMakeFiles/asteroids.dir/Users/ianjenkinson/pico/pico-sdk/src/rp2_common/hardware_clocks/clocks.c.obj
 .bss.default_alarm_pool_entry_ids_high
                0x0000000020000840       0x10 CMakeFiles/asteroids.dir/Users/ianjenkinson/pico/pico-sdk/src/common/pico_time/time.c.obj
 .bss.default_alarm_pool_heap_nodes
                0x0000000020000850       0x30 CMakeFiles/asteroids.dir/Users/ianjenkinson/pico/pico-sdk/src/common/pico_time/time.c.obj
 .bss.drivers   0x0000000020000880        0x4 CMakeFiles/asteroids.dir/Users/ianjenkinson/pico/pico-sdk/src/rp2_common/pico_stdio/stdio.c.obj
 .bss.filter    0x0000000020000884        0x4 CMakeFiles/asteroids.dir/Users/ianjenkinson/pico/pico-sdk/src/rp2_common/pico_stdio/stdio.c.obj
 .bss.invincibility
                0x0000000020000888        0x4 CMakeFiles/asteroids.dir/asteroids.c.obj
                0x0000000020000888                invincibility
 .bss.lastBoth.7322
                0x000000002000088c        0x4 CMakeFiles/asteroids.dir/asteroids.c.obj
 .bss.lazy_vsnprintf
                0x0000000020000890        0x4 CMakeFiles/asteroids.dir/Users/ianjenkinson/pico/pico-sdk/src/rp2_common/pico_printf/printf.c.obj
 .bss.paws      0x0000000020000894        0x4 CMakeFiles/asteroids.dir/asteroids.c.obj
                0x0000000020000894                paws
 .bss.pools     0x0000000020000898       0x10 CMakeFiles/asteroids.dir/Users/ianjenkinson/pico/pico-sdk/src/common/pico_time/time.c.obj
 .bss.score     0x00000000200008a8        0x4 CMakeFiles/asteroids.dir/asteroids.c.obj
                0x00000000200008a8                score
 .bss.showMS    0x00000000200008ac        0x4 CMakeFiles/asteroids.dir/asteroids.c.obj
                0x00000000200008ac                showMS
 .bss.showMSAgainTimer
                0x00000000200008b0        0x4 CMakeFiles/asteroids.dir/asteroids.c.obj
                0x00000000200008b0                showMSAgainTimer
 .bss.target_hi
                0x00000000200008b4       0x10 CMakeFiles/asteroids.dir/Users/ianjenkinson/pico/pico-sdk/src/rp2_common/hardware_timer/timer.c.obj
 .bss.thrustDelay.7323
                0x00000000200008c4        0x4 CMakeFiles/asteroids.dir/asteroids.c.obj
 .bss.claimed   0x00000000200008c8        0x1 CMakeFiles/asteroids.dir/Users/ianjenkinson/pico/pico-sdk/src/rp2_common/hardware_timer/timer.c.obj
 .bss.irq_hander_chain_free_slot_head
                0x00000000200008c9        0x1 CMakeFiles/asteroids.dir/Users/ianjenkinson/pico/pico-sdk/src/rp2_common/hardware_irq/irq.c.obj
 .bss.timer_callbacks_pending
                0x00000000200008ca        0x1 CMakeFiles/asteroids.dir/Users/ianjenkinson/pico/pico-sdk/src/rp2_common/hardware_timer/timer.c.obj
 *(COMMON)
 *fill*         0x00000000200008cb        0x5 
 COMMON         0x00000000200008d0     0x2828 CMakeFiles/asteroids.dir/asteroids.c.obj
                0x00000000200008d0                photonX
                0x00000000200008f8                photonLife
                0x0000000020000920                photonDX
                0x0000000020000970                photonY
                0x0000000020000998                shipActive
                0x00000000200009a0                roids
                0x00000000200030a0                photonDY
                0x00000000200030f0                nroids
                0x00000000200030f4                shipDieTimer
 COMMON         0x00000000200030f8      0x81c CMakeFiles/asteroids.dir/display.c.obj
                0x00000000200030f8                cursor_y
                0x00000000200030fc                screenBuf
                0x000000002000390c                cursor_x
                0x000000002000390e                wrap
                0x000000002000390f                textsize
                0x0000000020003910                textbgcolor
                0x0000000020003912                textcolor
 COMMON         0x0000000020003914      0x100 CMakeFiles/asteroids.dir/Users/ianjenkinson/pico/pico-sdk/src/rp2_common/pico_double/double_init_rom.c.obj
                0x0000000020003914                sd_table
 COMMON         0x0000000020003a14      0x104 CMakeFiles/asteroids.dir/Users/ianjenkinson/pico/pico-sdk/src/rp2_common/pico_float/float_init_rom.c.obj
                0x0000000020003a14                sf_table
                0x0000000020003b14                sf_clz_func
                0x0000000020003b18                . = ALIGN (0x4)
                0x0000000020003b18                __bss_end__ = .

.heap           0x0000000020003b18      0x800
                0x0000000020003b18                __end__ = .
                0x0000000020003b18                end = __end__
 *(.heap*)
 .heap          0x0000000020003b18      0x800 CMakeFiles/asteroids.dir/Users/ianjenkinson/pico/pico-sdk/src/rp2_common/pico_standard_link/crt0.S.obj
                0x0000000020004318                __HeapLimit = .

.stack1_dummy   0x0000000020040000        0x0
 *(.stack1*)

.stack_dummy    0x0000000020041000      0x800
 *(.stack*)
 .stack         0x0000000020041000      0x800 CMakeFiles/asteroids.dir/Users/ianjenkinson/pico/pico-sdk/src/rp2_common/pico_standard_link/crt0.S.obj

.flash_end      0x0000000010008600        0x0
                0x0000000010008600                __flash_binary_end = .
                0x0000000020040000                __StackLimit = (ORIGIN (RAM) + LENGTH (RAM))
                0x0000000020041000                __StackOneTop = (ORIGIN (SCRATCH_X) + LENGTH (SCRATCH_X))
                0x0000000020042000                __StackTop = (ORIGIN (SCRATCH_Y) + LENGTH (SCRATCH_Y))
                0x0000000020041000                __StackOneBottom = (__StackOneTop - SIZEOF (.stack1_dummy))
                0x0000000020041800                __StackBottom = (__StackTop - SIZEOF (.stack_dummy))
                0x0000000020042000                PROVIDE (__stack = __StackTop)
                0x0000000000000001                ASSERT ((__StackLimit >= __HeapLimit), region RAM overflowed)
                0x0000000000000001                ASSERT (((__binary_info_header_end - __logical_binary_start) <= 0x100), Binary info must be in first 256 bytes of the binary)
LOAD CMakeFiles/asteroids.dir/asteroids.c.obj
LOAD CMakeFiles/asteroids.dir/display.c.obj
LOAD CMakeFiles/asteroids.dir/Users/ianjenkinson/pico/pico-sdk/src/rp2_common/pico_stdlib/stdlib.c.obj
LOAD CMakeFiles/asteroids.dir/Users/ianjenkinson/pico/pico-sdk/src/rp2_common/hardware_gpio/gpio.c.obj
LOAD CMakeFiles/asteroids.dir/Users/ianjenkinson/pico/pico-sdk/src/rp2_common/hardware_claim/claim.c.obj
LOAD CMakeFiles/asteroids.dir/Users/ianjenkinson/pico/pico-sdk/src/rp2_common/hardware_sync/sync.c.obj
LOAD CMakeFiles/asteroids.dir/Users/ianjenkinson/pico/pico-sdk/src/rp2_common/pico_platform/platform.c.obj
LOAD CMakeFiles/asteroids.dir/Users/ianjenkinson/pico/pico-sdk/src/rp2_common/hardware_uart/uart.c.obj
LOAD CMakeFiles/asteroids.dir/Users/ianjenkinson/pico/pico-sdk/src/rp2_common/hardware_divider/divider.S.obj
LOAD CMakeFiles/asteroids.dir/Users/ianjenkinson/pico/pico-sdk/src/common/pico_time/time.c.obj
LOAD CMakeFiles/asteroids.dir/Users/ianjenkinson/pico/pico-sdk/src/common/pico_time/timeout_helper.c.obj
LOAD CMakeFiles/asteroids.dir/Users/ianjenkinson/pico/pico-sdk/src/rp2_common/hardware_timer/timer.c.obj
LOAD CMakeFiles/asteroids.dir/Users/ianjenkinson/pico/pico-sdk/src/common/pico_sync/sem.c.obj
LOAD CMakeFiles/asteroids.dir/Users/ianjenkinson/pico/pico-sdk/src/common/pico_sync/lock_core.c.obj
LOAD CMakeFiles/asteroids.dir/Users/ianjenkinson/pico/pico-sdk/src/common/pico_sync/mutex.c.obj
LOAD CMakeFiles/asteroids.dir/Users/ianjenkinson/pico/pico-sdk/src/common/pico_sync/critical_section.c.obj
LOAD CMakeFiles/asteroids.dir/Users/ianjenkinson/pico/pico-sdk/src/common/pico_util/datetime.c.obj
LOAD CMakeFiles/asteroids.dir/Users/ianjenkinson/pico/pico-sdk/src/common/pico_util/pheap.c.obj
LOAD CMakeFiles/asteroids.dir/Users/ianjenkinson/pico/pico-sdk/src/common/pico_util/queue.c.obj
LOAD CMakeFiles/asteroids.dir/Users/ianjenkinson/pico/pico-sdk/src/rp2_common/pico_runtime/runtime.c.obj
LOAD CMakeFiles/asteroids.dir/Users/ianjenkinson/pico/pico-sdk/src/rp2_common/hardware_clocks/clocks.c.obj
LOAD CMakeFiles/asteroids.dir/Users/ianjenkinson/pico/pico-sdk/src/rp2_common/hardware_watchdog/watchdog.c.obj
LOAD CMakeFiles/asteroids.dir/Users/ianjenkinson/pico/pico-sdk/src/rp2_common/hardware_xosc/xosc.c.obj
LOAD CMakeFiles/asteroids.dir/Users/ianjenkinson/pico/pico-sdk/src/rp2_common/hardware_pll/pll.c.obj
LOAD CMakeFiles/asteroids.dir/Users/ianjenkinson/pico/pico-sdk/src/rp2_common/hardware_vreg/vreg.c.obj
LOAD CMakeFiles/asteroids.dir/Users/ianjenkinson/pico/pico-sdk/src/rp2_common/hardware_irq/irq.c.obj
LOAD CMakeFiles/asteroids.dir/Users/ianjenkinson/pico/pico-sdk/src/rp2_common/hardware_irq/irq_handler_chain.S.obj
LOAD CMakeFiles/asteroids.dir/Users/ianjenkinson/pico/pico-sdk/src/rp2_common/pico_printf/printf.c.obj
LOAD CMakeFiles/asteroids.dir/Users/ianjenkinson/pico/pico-sdk/src/rp2_common/pico_bit_ops/bit_ops_aeabi.S.obj
LOAD CMakeFiles/asteroids.dir/Users/ianjenkinson/pico/pico-sdk/src/rp2_common/pico_bootrom/bootrom.c.obj
LOAD CMakeFiles/asteroids.dir/Users/ianjenkinson/pico/pico-sdk/src/rp2_common/pico_divider/divider.S.obj
LOAD CMakeFiles/asteroids.dir/Users/ianjenkinson/pico/pico-sdk/src/rp2_common/pico_double/double_aeabi.S.obj
LOAD CMakeFiles/asteroids.dir/Users/ianjenkinson/pico/pico-sdk/src/rp2_common/pico_double/double_init_rom.c.obj
LOAD CMakeFiles/asteroids.dir/Users/ianjenkinson/pico/pico-sdk/src/rp2_common/pico_double/double_math.c.obj
LOAD CMakeFiles/asteroids.dir/Users/ianjenkinson/pico/pico-sdk/src/rp2_common/pico_double/double_v1_rom_shim.S.obj
LOAD CMakeFiles/asteroids.dir/Users/ianjenkinson/pico/pico-sdk/src/rp2_common/pico_int64_ops/pico_int64_ops_aeabi.S.obj
LOAD CMakeFiles/asteroids.dir/Users/ianjenkinson/pico/pico-sdk/src/rp2_common/pico_float/float_aeabi.S.obj
LOAD CMakeFiles/asteroids.dir/Users/ianjenkinson/pico/pico-sdk/src/rp2_common/pico_float/float_init_rom.c.obj
LOAD CMakeFiles/asteroids.dir/Users/ianjenkinson/pico/pico-sdk/src/rp2_common/pico_float/float_math.c.obj
LOAD CMakeFiles/asteroids.dir/Users/ianjenkinson/pico/pico-sdk/src/rp2_common/pico_float/float_v1_rom_shim.S.obj
LOAD CMakeFiles/asteroids.dir/Users/ianjenkinson/pico/pico-sdk/src/rp2_common/pico_malloc/pico_malloc.c.obj
LOAD CMakeFiles/asteroids.dir/Users/ianjenkinson/pico/pico-sdk/src/rp2_common/pico_mem_ops/mem_ops_aeabi.S.obj
LOAD CMakeFiles/asteroids.dir/Users/ianjenkinson/pico/pico-sdk/src/rp2_common/pico_standard_link/crt0.S.obj
LOAD CMakeFiles/asteroids.dir/Users/ianjenkinson/pico/pico-sdk/src/rp2_common/pico_standard_link/new_delete.cpp.obj
LOAD CMakeFiles/asteroids.dir/Users/ianjenkinson/pico/pico-sdk/src/rp2_common/pico_standard_link/binary_info.c.obj
LOAD CMakeFiles/asteroids.dir/Users/ianjenkinson/pico/pico-sdk/src/rp2_common/pico_stdio/stdio.c.obj
LOAD CMakeFiles/asteroids.dir/Users/ianjenkinson/pico/pico-sdk/src/rp2_common/pico_stdio_uart/stdio_uart.c.obj
LOAD CMakeFiles/asteroids.dir/Users/ianjenkinson/pico/pico-sdk/src/rp2_common/hardware_i2c/i2c.c.obj
LOAD /var/folders/8d/4247nbvj7rn1jhf3j6f47st40000gn/T//ccVC3XhO.o
LOAD /usr/local/Cellar/arm-none-eabi-gcc/9-2019-q4-major/gcc/bin/../lib/gcc/arm-none-eabi/9.2.1/../../../../arm-none-eabi/lib/thumb/v6-m/nofp/libstdc++.a
LOAD /usr/local/Cellar/arm-none-eabi-gcc/9-2019-q4-major/gcc/bin/../lib/gcc/arm-none-eabi/9.2.1/../../../../arm-none-eabi/lib/thumb/v6-m/nofp/libm.a
START GROUP
LOAD /usr/local/Cellar/arm-none-eabi-gcc/9-2019-q4-major/gcc/bin/../lib/gcc/arm-none-eabi/9.2.1/thumb/v6-m/nofp/libgcc.a
LOAD /usr/local/Cellar/arm-none-eabi-gcc/9-2019-q4-major/gcc/bin/../lib/gcc/arm-none-eabi/9.2.1/../../../../arm-none-eabi/lib/thumb/v6-m/nofp/libc.a
END GROUP
START GROUP
LOAD /usr/local/Cellar/arm-none-eabi-gcc/9-2019-q4-major/gcc/bin/../lib/gcc/arm-none-eabi/9.2.1/thumb/v6-m/nofp/libgcc.a
LOAD /usr/local/Cellar/arm-none-eabi-gcc/9-2019-q4-major/gcc/bin/../lib/gcc/arm-none-eabi/9.2.1/../../../../arm-none-eabi/lib/thumb/v6-m/nofp/libc.a
LOAD /usr/local/Cellar/arm-none-eabi-gcc/9-2019-q4-major/gcc/bin/../lib/gcc/arm-none-eabi/9.2.1/../../../../arm-none-eabi/lib/thumb/v6-m/nofp/libnosys.a
END GROUP
LOAD /usr/local/Cellar/arm-none-eabi-gcc/9-2019-q4-major/gcc/bin/../lib/gcc/arm-none-eabi/9.2.1/thumb/v6-m/nofp/crtend.o
LOAD /usr/local/Cellar/arm-none-eabi-gcc/9-2019-q4-major/gcc/bin/../lib/gcc/arm-none-eabi/9.2.1/thumb/v6-m/nofp/crtn.o
OUTPUT(asteroids.elf elf32-littlearm)

.ARM.attributes
                0x0000000000000000       0x28
 .ARM.attributes
                0x0000000000000000       0x1e /usr/local/Cellar/arm-none-eabi-gcc/9-2019-q4-major/gcc/bin/../lib/gcc/arm-none-eabi/9.2.1/thumb/v6-m/nofp/crti.o
 .ARM.attributes
                0x000000000000001e       0x2c /usr/local/Cellar/arm-none-eabi-gcc/9-2019-q4-major/gcc/bin/../lib/gcc/arm-none-eabi/9.2.1/thumb/v6-m/nofp/crtbegin.o
 .ARM.attributes
                0x000000000000004a       0x2c CMakeFiles/asteroids.dir/asteroids.c.obj
 .ARM.attributes
                0x0000000000000076       0x2c CMakeFiles/asteroids.dir/display.c.obj
 .ARM.attributes
                0x00000000000000a2       0x2c CMakeFiles/asteroids.dir/Users/ianjenkinson/pico/pico-sdk/src/rp2_common/hardware_gpio/gpio.c.obj
 .ARM.attributes
                0x00000000000000ce       0x2c CMakeFiles/asteroids.dir/Users/ianjenkinson/pico/pico-sdk/src/rp2_common/hardware_claim/claim.c.obj
 .ARM.attributes
                0x00000000000000fa       0x2c CMakeFiles/asteroids.dir/Users/ianjenkinson/pico/pico-sdk/src/rp2_common/hardware_sync/sync.c.obj
 .ARM.attributes
                0x0000000000000126       0x2c CMakeFiles/asteroids.dir/Users/ianjenkinson/pico/pico-sdk/src/rp2_common/pico_platform/platform.c.obj
 .ARM.attributes
                0x0000000000000152       0x2c CMakeFiles/asteroids.dir/Users/ianjenkinson/pico/pico-sdk/src/common/pico_time/time.c.obj
 .ARM.attributes
                0x000000000000017e       0x2c CMakeFiles/asteroids.dir/Users/ianjenkinson/pico/pico-sdk/src/rp2_common/hardware_timer/timer.c.obj
 .ARM.attributes
                0x00000000000001aa       0x2c CMakeFiles/asteroids.dir/Users/ianjenkinson/pico/pico-sdk/src/common/pico_sync/lock_core.c.obj
 .ARM.attributes
                0x00000000000001d6       0x2c CMakeFiles/asteroids.dir/Users/ianjenkinson/pico/pico-sdk/src/common/pico_sync/mutex.c.obj
 .ARM.attributes
                0x0000000000000202       0x2c CMakeFiles/asteroids.dir/Users/ianjenkinson/pico/pico-sdk/src/common/pico_util/pheap.c.obj
 .ARM.attributes
                0x000000000000022e       0x2c CMakeFiles/asteroids.dir/Users/ianjenkinson/pico/pico-sdk/src/rp2_common/pico_runtime/runtime.c.obj
 .ARM.attributes
                0x000000000000025a       0x2c CMakeFiles/asteroids.dir/Users/ianjenkinson/pico/pico-sdk/src/rp2_common/hardware_clocks/clocks.c.obj
 .ARM.attributes
                0x0000000000000286       0x2c CMakeFiles/asteroids.dir/Users/ianjenkinson/pico/pico-sdk/src/rp2_common/hardware_watchdog/watchdog.c.obj
 .ARM.attributes
                0x00000000000002b2       0x2c CMakeFiles/asteroids.dir/Users/ianjenkinson/pico/pico-sdk/src/rp2_common/hardware_xosc/xosc.c.obj
 .ARM.attributes
                0x00000000000002de       0x2c CMakeFiles/asteroids.dir/Users/ianjenkinson/pico/pico-sdk/src/rp2_common/hardware_pll/pll.c.obj
 .ARM.attributes
                0x000000000000030a       0x2c CMakeFiles/asteroids.dir/Users/ianjenkinson/pico/pico-sdk/src/rp2_common/hardware_irq/irq.c.obj
 .ARM.attributes
                0x0000000000000336       0x22 CMakeFiles/asteroids.dir/Users/ianjenkinson/pico/pico-sdk/src/rp2_common/hardware_irq/irq_handler_chain.S.obj
 .ARM.attributes
                0x0000000000000358       0x2c CMakeFiles/asteroids.dir/Users/ianjenkinson/pico/pico-sdk/src/rp2_common/pico_printf/printf.c.obj
 .ARM.attributes
                0x0000000000000384       0x22 CMakeFiles/asteroids.dir/Users/ianjenkinson/pico/pico-sdk/src/rp2_common/pico_bit_ops/bit_ops_aeabi.S.obj
 .ARM.attributes
                0x00000000000003a6       0x2c CMakeFiles/asteroids.dir/Users/ianjenkinson/pico/pico-sdk/src/rp2_common/pico_bootrom/bootrom.c.obj
 .ARM.attributes
                0x00000000000003d2       0x22 CMakeFiles/asteroids.dir/Users/ianjenkinson/pico/pico-sdk/src/rp2_common/pico_divider/divider.S.obj
 .ARM.attributes
                0x00000000000003f4       0x22 CMakeFiles/asteroids.dir/Users/ianjenkinson/pico/pico-sdk/src/rp2_common/pico_double/double_aeabi.S.obj
 .ARM.attributes
                0x0000000000000416       0x2c CMakeFiles/asteroids.dir/Users/ianjenkinson/pico/pico-sdk/src/rp2_common/pico_double/double_init_rom.c.obj
 .ARM.attributes
                0x0000000000000442       0x2c CMakeFiles/asteroids.dir/Users/ianjenkinson/pico/pico-sdk/src/rp2_common/pico_double/double_math.c.obj
 .ARM.attributes
                0x000000000000046e       0x22 CMakeFiles/asteroids.dir/Users/ianjenkinson/pico/pico-sdk/src/rp2_common/pico_double/double_v1_rom_shim.S.obj
 .ARM.attributes
                0x0000000000000490       0x22 CMakeFiles/asteroids.dir/Users/ianjenkinson/pico/pico-sdk/src/rp2_common/pico_int64_ops/pico_int64_ops_aeabi.S.obj
 .ARM.attributes
                0x00000000000004b2       0x22 CMakeFiles/asteroids.dir/Users/ianjenkinson/pico/pico-sdk/src/rp2_common/pico_float/float_aeabi.S.obj
 .ARM.attributes
                0x00000000000004d4       0x2c CMakeFiles/asteroids.dir/Users/ianjenkinson/pico/pico-sdk/src/rp2_common/pico_float/float_init_rom.c.obj
 .ARM.attributes
                0x0000000000000500       0x22 CMakeFiles/asteroids.dir/Users/ianjenkinson/pico/pico-sdk/src/rp2_common/pico_float/float_v1_rom_shim.S.obj
 .ARM.attributes
                0x0000000000000522       0x22 CMakeFiles/asteroids.dir/Users/ianjenkinson/pico/pico-sdk/src/rp2_common/pico_mem_ops/mem_ops_aeabi.S.obj
 .ARM.attributes
                0x0000000000000544       0x22 CMakeFiles/asteroids.dir/Users/ianjenkinson/pico/pico-sdk/src/rp2_common/pico_standard_link/crt0.S.obj
 .ARM.attributes
                0x0000000000000566       0x32 CMakeFiles/asteroids.dir/Users/ianjenkinson/pico/pico-sdk/src/rp2_common/pico_standard_link/binary_info.c.obj
 .ARM.attributes
                0x0000000000000598       0x2c CMakeFiles/asteroids.dir/Users/ianjenkinson/pico/pico-sdk/src/rp2_common/pico_stdio/stdio.c.obj
 .ARM.attributes
                0x00000000000005c4       0x2c CMakeFiles/asteroids.dir/Users/ianjenkinson/pico/pico-sdk/src/rp2_common/hardware_i2c/i2c.c.obj
 .ARM.attributes
                0x00000000000005f0       0x22 /var/folders/8d/4247nbvj7rn1jhf3j6f47st40000gn/T//ccVC3XhO.o
 .ARM.attributes
                0x0000000000000612       0x1e /usr/local/Cellar/arm-none-eabi-gcc/9-2019-q4-major/gcc/bin/../lib/gcc/arm-none-eabi/9.2.1/thumb/v6-m/nofp/libgcc.a(_dvmd_tls.o)
 .ARM.attributes
                0x0000000000000630       0x2c /usr/local/Cellar/arm-none-eabi-gcc/9-2019-q4-major/gcc/bin/../lib/gcc/arm-none-eabi/9.2.1/../../../../arm-none-eabi/lib/thumb/v6-m/nofp/libc.a(lib_a-impure.o)
 .ARM.attributes
                0x000000000000065c       0x2c /usr/local/Cellar/arm-none-eabi-gcc/9-2019-q4-major/gcc/bin/../lib/gcc/arm-none-eabi/9.2.1/../../../../arm-none-eabi/lib/thumb/v6-m/nofp/libc.a(lib_a-rand.o)
 .ARM.attributes
                0x0000000000000688       0x2c /usr/local/Cellar/arm-none-eabi-gcc/9-2019-q4-major/gcc/bin/../lib/gcc/arm-none-eabi/9.2.1/../../../../arm-none-eabi/lib/thumb/v6-m/nofp/libc.a(lib_a-strlen-stub.o)

.comment        0x0000000000000000       0x79
 .comment       0x0000000000000000       0x79 CMakeFiles/asteroids.dir/asteroids.c.obj
                                         0x7a (size before relaxing)
 .comment       0x0000000000000079       0x7a CMakeFiles/asteroids.dir/display.c.obj
 .comment       0x0000000000000079       0x7a CMakeFiles/asteroids.dir/Users/ianjenkinson/pico/pico-sdk/src/rp2_common/hardware_gpio/gpio.c.obj
 .comment       0x0000000000000079       0x7a CMakeFiles/asteroids.dir/Users/ianjenkinson/pico/pico-sdk/src/rp2_common/hardware_claim/claim.c.obj
 .comment       0x0000000000000079       0x7a CMakeFiles/asteroids.dir/Users/ianjenkinson/pico/pico-sdk/src/rp2_common/hardware_sync/sync.c.obj
 .comment       0x0000000000000079       0x7a CMakeFiles/asteroids.dir/Users/ianjenkinson/pico/pico-sdk/src/rp2_common/pico_platform/platform.c.obj
 .comment       0x0000000000000079       0x7a CMakeFiles/asteroids.dir/Users/ianjenkinson/pico/pico-sdk/src/common/pico_time/time.c.obj
 .comment       0x0000000000000079       0x7a CMakeFiles/asteroids.dir/Users/ianjenkinson/pico/pico-sdk/src/rp2_common/hardware_timer/timer.c.obj
 .comment       0x0000000000000079       0x7a CMakeFiles/asteroids.dir/Users/ianjenkinson/pico/pico-sdk/src/common/pico_sync/lock_core.c.obj
 .comment       0x0000000000000079       0x7a CMakeFiles/asteroids.dir/Users/ianjenkinson/pico/pico-sdk/src/common/pico_sync/mutex.c.obj
 .comment       0x0000000000000079       0x7a CMakeFiles/asteroids.dir/Users/ianjenkinson/pico/pico-sdk/src/common/pico_util/pheap.c.obj
 .comment       0x0000000000000079       0x7a CMakeFiles/asteroids.dir/Users/ianjenkinson/pico/pico-sdk/src/rp2_common/pico_runtime/runtime.c.obj
 .comment       0x0000000000000079       0x7a CMakeFiles/asteroids.dir/Users/ianjenkinson/pico/pico-sdk/src/rp2_common/hardware_clocks/clocks.c.obj
 .comment       0x0000000000000079       0x7a CMakeFiles/asteroids.dir/Users/ianjenkinson/pico/pico-sdk/src/rp2_common/hardware_watchdog/watchdog.c.obj
 .comment       0x0000000000000079       0x7a CMakeFiles/asteroids.dir/Users/ianjenkinson/pico/pico-sdk/src/rp2_common/hardware_xosc/xosc.c.obj
 .comment       0x0000000000000079       0x7a CMakeFiles/asteroids.dir/Users/ianjenkinson/pico/pico-sdk/src/rp2_common/hardware_pll/pll.c.obj
 .comment       0x0000000000000079       0x7a CMakeFiles/asteroids.dir/Users/ianjenkinson/pico/pico-sdk/src/rp2_common/hardware_irq/irq.c.obj
 .comment       0x0000000000000079       0x7a CMakeFiles/asteroids.dir/Users/ianjenkinson/pico/pico-sdk/src/rp2_common/pico_printf/printf.c.obj
 .comment       0x0000000000000079       0x7a CMakeFiles/asteroids.dir/Users/ianjenkinson/pico/pico-sdk/src/rp2_common/pico_bootrom/bootrom.c.obj
 .comment       0x0000000000000079       0x7a CMakeFiles/asteroids.dir/Users/ianjenkinson/pico/pico-sdk/src/rp2_common/pico_double/double_init_rom.c.obj
 .comment       0x0000000000000079       0x7a CMakeFiles/asteroids.dir/Users/ianjenkinson/pico/pico-sdk/src/rp2_common/pico_double/double_math.c.obj
 .comment       0x0000000000000079       0x7a CMakeFiles/asteroids.dir/Users/ianjenkinson/pico/pico-sdk/src/rp2_common/pico_float/float_init_rom.c.obj
 .comment       0x0000000000000079       0x7a CMakeFiles/asteroids.dir/Users/ianjenkinson/pico/pico-sdk/src/rp2_common/pico_standard_link/binary_info.c.obj
 .comment       0x0000000000000079       0x7a CMakeFiles/asteroids.dir/Users/ianjenkinson/pico/pico-sdk/src/rp2_common/pico_stdio/stdio.c.obj
 .comment       0x0000000000000079       0x7a CMakeFiles/asteroids.dir/Users/ianjenkinson/pico/pico-sdk/src/rp2_common/hardware_i2c/i2c.c.obj

.debug_frame    0x0000000000000000       0x60
 .debug_frame   0x0000000000000000       0x38 /usr/local/Cellar/arm-none-eabi-gcc/9-2019-q4-major/gcc/bin/../lib/gcc/arm-none-eabi/9.2.1/../../../../arm-none-eabi/lib/thumb/v6-m/nofp/libc.a(lib_a-rand.o)
 .debug_frame   0x0000000000000038       0x28 /usr/local/Cellar/arm-none-eabi-gcc/9-2019-q4-major/gcc/bin/../lib/gcc/arm-none-eabi/9.2.1/../../../../arm-none-eabi/lib/thumb/v6-m/nofp/libc.a(lib_a-strlen-stub.o)
